]0;~/my_stuff/current work/afl_prediction[?1034hSachintha-Karunaratnes-MacBook-Pro:afl_prediction sachintha$ [KSachintha-Karunaratnes-MacBook-Pro:afl_prediction sachintha$ mv[K[Kmv data /schedules.RDS data/schedules.RDS [K[K[K[Krds
]0;~/my_stuff/current work/afl_predictionSachintha-Karunaratnes-MacBook-Pro:afl_prediction sachintha$ mv data /past_results.RDS data/past_results.RDS [K[K[K[Krds
]0;~/my_stuff/current work/afl_predictionSachintha-Karunaratnes-MacBook-Pro:afl_prediction sachintha$ 
]0;~/my_stuff/current work/afl_predictionYou have new mail in /var/mail/sachintha
Sachintha-Karunaratnes-MacBook-Pro:afl_prediction sachintha$ 
]0;~/my_stuff/current work/afl_predictionSachintha-Karunaratnes-MacBook-Pro:afl_prediction sachintha$ 
]0;~/my_stuff/current work/afl_predictionSachintha-Karunaratnes-MacBook-Pro:afl_prediction sachintha$ ls
README.html          [1m[34mdata[39;49m[0m                 [1m[34mmunge[39;49m[0m
README.md            [1m[34mdiagnostics[39;49m[0m          [1m[34mprofiling[39;49m[0m
TODO                 [1m[34mdocs[39;49m[0m                 [1m[34mreports[39;49m[0m
afl_prediction.Rproj [1m[34mgraphs[39;49m[0m               [1m[34msrc[39;49m[0m
[1m[34mcache[39;49m[0m                [1m[34mlib[39;49m[0m                  [1m[34mtests[39;49m[0m
[1m[34mconfig[39;49m[0m               [1m[34mlogs[39;49m[0m
]0;~/my_stuff/current work/afl_predictionSachintha-Karunaratnes-MacBook-Pro:afl_prediction sachintha$ git n[Kini t
Initialized empty Git repository in /Users/sachintha/my_stuff/current work/afl_prediction/.git/
]0;~/my_stuff/current work/afl_predictionSachintha-Karunaratnes-MacBook-Pro:afl_prediction sachintha$ oast[K[K[K[Kpast_re sults
bash: past_results: command not found
]0;~/my_stuff/current work/afl_predictionYou have new mail in /var/mail/sachintha
Sachintha-Karunaratnes-MacBook-Pro:afl_prediction sachintha$ [KSachintha-Karunaratnes-MacBook-Pro:afl_prediction sachintha$ 
]0;~/my_stuff/current work/afl_predictionYou have new mail in /var/mail/sachintha
Sachintha-Karunaratnes-MacBook-Pro:afl_prediction sachintha$ 
]0;~/my_stuff/current work/afl_predictionSachintha-Karunaratnes-MacBook-Pro:afl_prediction sachintha$ 
]0;~/my_stuff/current work/afl_predictionSachintha-Karunaratnes-MacBook-Pro:afl_prediction sachintha$ git sta tus
On branch master

No commits yet

Untracked files:
  (use "git add <file>..." to include in what will be committed)

	[31m.Rproj.user/[m
	[31mREADME.html[m
	[31mREADME.md[m
	[31mTODO[m
	[31mafl_prediction.Rproj[m
	[31mcache/[m
	[31mconfig/[m
	[31mdata/[m
	[31mdiagnostics/[m
	[31mdocs/[m
	[31mgraphs/[m
	[31mlib/[m
	[31mlogs/[m
	[31mmunge/[m
	[31mprofiling/[m
	[31mreports/[m
	[31msrc/[m
	[31mtests/[m

nothing added to commit but untracked files present (use "git add" to track)
]0;~/my_stuff/current work/afl_predictionSachintha-Karunaratnes-MacBook-Pro:afl_prediction sachintha$ git sho w remotes
fatal: ambiguous argument 'remotes': unknown revision or path not in the working tree.
Use '--' to separate paths from revisions, like this:
'git <command> [<revision>...] -- [<file>...]'
]0;~/my_stuff/current work/afl_predictionSachintha-Karunaratnes-MacBook-Pro:afl_prediction sachintha$ git rem otes
git: 'remotes' is not a git command. See 'git --help'.

The most similar command is
	remote
]0;~/my_stuff/current work/afl_predictionSachintha-Karunaratnes-MacBook-Pro:afl_prediction sachintha$ git rem ote
]0;~/my_stuff/current work/afl_predictionSachintha-Karunaratnes-MacBook-Pro:afl_prediction sachintha$ git rem ote -b
error: unknown switch `b'
usage: git remote [-v | --verbose]
   or: git remote add [-t <branch>] [-m <master>] [-f] [--tags | --no-tags] [--mirror=<fetch|push>] <name> <url>
   or: git remote rename <old> <new>
   or: git remote remove <name>
   or: git remote set-head <name> (-a | --auto | -d | --delete | <branch>)
   or: git remote [-v | --verbose] show [-n] <name>
   or: git remote prune [-n | --dry-run] <name>
   or: git remote [-v | --verbose] update [-p | --prune] [(<group> | <remote>)...]
   or: git remote set-branches [--add] <name> <branch>...
   or: git remote get-url [--push] [--all] <name>
   or: git remote set-url [--push] <name> <newurl> [<oldurl>]
   or: git remote set-url --add <name> <newurl>
   or: git remote set-url --delete <name> <url>

    -v, --verbose         be verbose; must be placed before a subcommand

]0;~/my_stuff/current work/afl_predictionSachintha-Karunaratnes-MacBook-Pro:afl_prediction sachintha$ git remoote -b[Kv
]0;~/my_stuff/current work/afl_predictionSachintha-Karunaratnes-MacBook-Pro:afl_prediction sachintha$ 
]0;~/my_stuff/current work/afl_predictionSachintha-Karunaratnes-MacBook-Pro:afl_prediction sachintha$ 
]0;~/my_stuff/current work/afl_predictionSachintha-Karunaratnes-MacBook-Pro:afl_prediction sachintha$ 
]0;~/my_stuff/current work/afl_predictionSachintha-Karunaratnes-MacBook-Pro:afl_prediction sachintha$ 
]0;~/my_stuff/current work/afl_predictionSachintha-Karunaratnes-MacBook-Pro:afl_prediction sachintha$ git rem ote add origin git@bitbucket.org:sachintha/afl_prediction.git
]0;~/my_stuff/current work/afl_predictionSachintha-Karunaratnes-MacBook-Pro:afl_prediction sachintha$ git log [A[C[C[C[C[C[C[C[C[C[C[C[C[C[C[C[C[C[C[C[C[C[C[C[C[C[C[C[C[C[C[C[C[C[C[C[C[C[C[C[C[C[C[C[C[C[C[C[C[C[C[C[C[C[C[C[C[C[C[C[C[C[C[C[C[C[C[C[Kg
fatal: your current branch 'master' does not have any commits yet
]0;~/my_stuff/current work/afl_predictionSachintha-Karunaratnes-MacBook-Pro:afl_prediction sachintha$ git a[K[K[K[K[Kls
README.html          [1m[34mdata[39;49m[0m                 [1m[34mmunge[39;49m[0m
README.md            [1m[34mdiagnostics[39;49m[0m          [1m[34mprofiling[39;49m[0m
TODO                 [1m[34mdocs[39;49m[0m                 [1m[34mreports[39;49m[0m
afl_prediction.Rproj [1m[34mgraphs[39;49m[0m               [1m[34msrc[39;49m[0m
[1m[34mcache[39;49m[0m                [1m[34mlib[39;49m[0m                  [1m[34mtests[39;49m[0m
[1m[34mconfig[39;49m[0m               [1m[34mlogs[39;49m[0m
]0;~/my_stuff/current work/afl_predictionSachintha-Karunaratnes-MacBook-Pro:afl_prediction sachintha$ git add  .
]0;~/my_stuff/current work/afl_predictionSachintha-Karunaratnes-MacBook-Pro:afl_prediction sachintha$ git s[Klog [A[C[C[C[C[C[C[C[C[C[C[C[C[C[C[C[C[C[C[C[C[C[C[C[C[C[C[C[C[C[C[C[C[C[C[C[C[C[C[C[C[C[C[C[C[C[C[C[C[C[C[C[C[C[C[C[C[C[C[C[C[C[C[C[C[C[C[C[Kg
fatal: your current branch 'master' does not have any commits yet
]0;~/my_stuff/current work/afl_predictionSachintha-Karunaratnes-MacBook-Pro:afl_prediction sachintha$ git sta tus
On branch master

No commits yet

Changes to be committed:
  (use "git rm --cached <file>..." to unstage)

	[32mnew file:   .Rproj.user/3F54B192/console06/C03844D5[m
	[32mnew file:   .Rproj.user/3F54B192/console06/C03844D5.env[m
	[32mnew file:   .Rproj.user/3F54B192/console06/INDEX001[m
	[32mnew file:   .Rproj.user/3F54B192/sources/prop/1CA329EC[m
	[32mnew file:   .Rproj.user/3F54B192/sources/prop/24AC79FB[m
	[32mnew file:   .Rproj.user/3F54B192/sources/prop/2DBC1606[m
	[32mnew file:   .Rproj.user/3F54B192/sources/prop/44FB177A[m
	[32mnew file:   .Rproj.user/3F54B192/sources/prop/54328B27[m
	[32mnew file:   .Rproj.user/3F54B192/sources/prop/638C9761[m
	[32mnew file:   .Rproj.user/3F54B192/sources/prop/6777419E[m
	[32mnew file:   .Rproj.user/3F54B192/sources/prop/85785B7D[m
	[32mnew file:   .Rproj.user/3F54B192/sources/prop/9C1C5578[m
	[32mnew file:   .Rproj.user/3F54B192/sources/prop/A2FD72A7[m
	[32mnew file:   .Rproj.user/3F54B192/sources/prop/A6DC05C2[m
	[32mnew file:   .Rproj.user/3F54B192/sources/prop/D378A54B[m
	[32mnew file:   .Rproj.user/3F54B192/sources/prop/DB31BD33[m
	[32mnew file:   .Rproj.user/3F54B192/sources/prop/EC8D6F29[m
	[32mnew file:   .Rproj.user/3F54B192/sources/prop/EE9337EB[m
	[32mnew file:   .Rproj.user/3F54B192/sources/prop/FC823608[m
	[32mnew file:   .Rproj.user/3F54B192/sources/prop/INDEX[m
	[32mnew file:   .Rproj.user/3F54B192/sources/s-35A609FF/1C546751-contents[m
	[32mnew file:   .Rproj.user/3F54B192/sources/s-35A609FF/3774BE12-contents[m
	[32mnew file:   .Rproj.user/3F54B192/sources/s-35A609FF/3A5A41FB-contents[m
	[32mnew file:   .Rproj.user/3F54B192/sources/s-35A609FF/435F5362-contents[m
	[32mnew file:   .Rproj.user/3F54B192/sources/s-35A609FF/4A416FD7-contents[m
	[32mnew file:   .Rproj.user/3F54B192/sources/s-35A609FF/5A09D8BB-contents[m
	[32mnew file:   .Rproj.user/3F54B192/sources/s-35A609FF/65A4F887-contents[m
	[32mnew file:   .Rproj.user/3F54B192/sources/s-35A609FF/66C1114C-contents[m
	[32mnew file:   .Rproj.user/3F54B192/sources/s-35A609FF/6D7F0BD6-contents[m
	[32mnew file:   .Rproj.user/3F54B192/sources/s-35A609FF/761A872B-contents[m
	[32mnew file:   .Rproj.user/3F54B192/sources/s-35A609FF/7D6702CF[m
	[32mnew file:   .Rproj.user/3F54B192/sources/s-35A609FF/7D6702CF-contents[m
	[32mnew file:   .Rproj.user/3F54B192/sources/s-35A609FF/803142CC-contents[m
	[32mnew file:   .Rproj.user/3F54B192/sources/s-35A609FF/8694F6FE-contents[m
	[32mnew file:   .Rproj.user/3F54B192/sources/s-35A609FF/9ECBDFC3-contents[m
	[32mnew file:   .Rproj.user/3F54B192/sources/s-35A609FF/A695523E-contents[m
	[32mnew file:   .Rproj.user/3F54B192/sources/s-35A609FF/A9B2DA4F-contents[m
	[32mnew file:   .Rproj.user/3F54B192/sources/s-35A609FF/B7F4EA33[m
	[32mnew file:   .Rproj.user/3F54B192/sources/s-35A609FF/B7F4EA33-contents[m
	[32mnew file:   .Rproj.user/3F54B192/sources/s-35A609FF/BEC42D2B[m
	[32mnew file:   .Rproj.user/3F54B192/sources/s-35A609FF/BEC42D2B-contents[m
	[32mnew file:   .Rproj.user/3F54B192/sources/s-35A609FF/CDB11BFE-contents[m
	[32mnew file:   .Rproj.user/3F54B192/sources/s-35A609FF/D62CF4E3-contents[m
	[32mnew file:   .Rproj.user/3F54B192/sources/s-35A609FF/E2E198D1[m
	[32mnew file:   .Rproj.user/3F54B192/sources/s-35A609FF/E2E198D1-contents[m
	[32mnew file:   .Rproj.user/3F54B192/sources/s-35A609FF/E3B066F1-contents[m
	[32mnew file:   .Rproj.user/3F54B192/sources/s-35A609FF/EE2E8570-contents[m
	[32mnew file:   .Rproj.user/3F54B192/sources/s-35A609FF/FA9D18AC-contents[m
	[32mnew file:   .Rproj.user/3F54B192/sources/s-35A609FF/lock_file[m
	[32mnew file:   .Rproj.user/shared/notebooks/patch-chunk-names[m
	[32mnew file:   .Rproj.user/shared/notebooks/paths[m
	[32mnew file:   README.html[m
	[32mnew file:   README.md[m
	[32mnew file:   TODO[m
	[32mnew file:   afl_prediction.Rproj[m
	[32mnew file:   cache/README.md[m
	[32mnew file:   config/README.md[m
	[32mnew file:   config/global.dcf[m
	[32mnew file:   data/README.md[m
	[32mnew file:   data/past_results.rds[m
	[32mnew file:   data/schedules.rds[m
	[32mnew file:   diagnostics/1.R[m
	[32mnew file:   diagnostics/README.md[m
	[32mnew file:   docs/README.md[m
	[32mnew file:   graphs/README.md[m
	[32mnew file:   lib/README.md[m
	[32mnew file:   lib/elo_functions.R[m
	[32mnew file:   lib/globals.R[m
	[32mnew file:   lib/helpers.R[m
	[32mnew file:   logs/README.md[m
	[32mnew file:   munge/01-A.R[m
	[32mnew file:   munge/README.md[m
	[32mnew file:   profiling/1.R[m
	[32mnew file:   profiling/README.md[m
	[32mnew file:   reports/README.md[m
	[32mnew file:   src/README.md[m
	[32mnew file:   src/main.R[m
	[32mnew file:   src/scrape_afl_tables.R[m
	[32mnew file:   tests/1.R[m
	[32mnew file:   tests/README.md[m

Changes not staged for commit:
  (use "git add <file>..." to update what will be committed)
  (use "git checkout -- <file>..." to discard changes in working directory)

	[31mmodified:   .Rproj.user/3F54B192/console06/C03844D5[m

]0;~/my_stuff/current work/afl_predictionSachintha-Karunaratnes-MacBook-Pro:afl_prediction sachintha$ git a[Kco, m[K[A[C[C[C[C[C[C[C[C[C[C[C[C[C[C[C[C[C[C[C[C[C[C[C[C[C[C[C[C[C[C[C[C[C[C[C[C[C[C[C[C[C[C[C[C[C[C[C[C[C[C[C[C[C[C[C[C[C[C[C[C[C[C[C[C[C[C[C[K
[K[A[C[C[C[C[C[C[C[C[C[C[C[C[C[C[C[C[C[C[C[C[C[C[C[C[C[C[C[C[C[C[C[C[C[C[C[C[C[C[C[C[C[C[C[C[C[C[C[C[C[C[C[C[C[C[C[C[C[C[C[C[C[C[C[C[C[C[Cm mit -m 'initial commit'
[master (root-commit) b6d3f99] initial commit
 80 files changed, 1083 insertions(+)
 create mode 100644 .Rproj.user/3F54B192/console06/C03844D5
 create mode 100644 .Rproj.user/3F54B192/console06/C03844D5.env
 create mode 100644 .Rproj.user/3F54B192/console06/INDEX001
 create mode 100644 .Rproj.user/3F54B192/sources/prop/1CA329EC
 create mode 100644 .Rproj.user/3F54B192/sources/prop/24AC79FB
 create mode 100644 .Rproj.user/3F54B192/sources/prop/2DBC1606
 create mode 100644 .Rproj.user/3F54B192/sources/prop/44FB177A
 create mode 100644 .Rproj.user/3F54B192/sources/prop/54328B27
 create mode 100644 .Rproj.user/3F54B192/sources/prop/638C9761
 create mode 100644 .Rproj.user/3F54B192/sources/prop/6777419E
 create mode 100644 .Rproj.user/3F54B192/sources/prop/85785B7D
 create mode 100644 .Rproj.user/3F54B192/sources/prop/9C1C5578
 create mode 100644 .Rproj.user/3F54B192/sources/prop/A2FD72A7
 create mode 100644 .Rproj.user/3F54B192/sources/prop/A6DC05C2
 create mode 100644 .Rproj.user/3F54B192/sources/prop/D378A54B
 create mode 100644 .Rproj.user/3F54B192/sources/prop/DB31BD33
 create mode 100644 .Rproj.user/3F54B192/sources/prop/EC8D6F29
 create mode 100644 .Rproj.user/3F54B192/sources/prop/EE9337EB
 create mode 100644 .Rproj.user/3F54B192/sources/prop/FC823608
 create mode 100644 .Rproj.user/3F54B192/sources/prop/INDEX
 create mode 100644 .Rproj.user/3F54B192/sources/s-35A609FF/1C546751-contents
 create mode 100644 .Rproj.user/3F54B192/sources/s-35A609FF/3774BE12-contents
 create mode 100644 .Rproj.user/3F54B192/sources/s-35A609FF/3A5A41FB-contents
 create mode 100644 .Rproj.user/3F54B192/sources/s-35A609FF/435F5362-contents
 create mode 100644 .Rproj.user/3F54B192/sources/s-35A609FF/4A416FD7-contents
 create mode 100644 .Rproj.user/3F54B192/sources/s-35A609FF/5A09D8BB-contents
 create mode 100644 .Rproj.user/3F54B192/sources/s-35A609FF/65A4F887-contents
 create mode 100644 .Rproj.user/3F54B192/sources/s-35A609FF/66C1114C-contents
 create mode 100644 .Rproj.user/3F54B192/sources/s-35A609FF/6D7F0BD6-contents
 create mode 100644 .Rproj.user/3F54B192/sources/s-35A609FF/761A872B-contents
 create mode 100644 .Rproj.user/3F54B192/sources/s-35A609FF/7D6702CF
 create mode 100644 .Rproj.user/3F54B192/sources/s-35A609FF/7D6702CF-contents
 create mode 100644 .Rproj.user/3F54B192/sources/s-35A609FF/803142CC-contents
 create mode 100644 .Rproj.user/3F54B192/sources/s-35A609FF/8694F6FE-contents
 create mode 100644 .Rproj.user/3F54B192/sources/s-35A609FF/9ECBDFC3-contents
 create mode 100644 .Rproj.user/3F54B192/sources/s-35A609FF/A695523E-contents
 create mode 100644 .Rproj.user/3F54B192/sources/s-35A609FF/A9B2DA4F-contents
 create mode 100644 .Rproj.user/3F54B192/sources/s-35A609FF/B7F4EA33
 create mode 100644 .Rproj.user/3F54B192/sources/s-35A609FF/B7F4EA33-contents
 create mode 100644 .Rproj.user/3F54B192/sources/s-35A609FF/BEC42D2B
 create mode 100644 .Rproj.user/3F54B192/sources/s-35A609FF/BEC42D2B-contents
 create mode 100644 .Rproj.user/3F54B192/sources/s-35A609FF/CDB11BFE-contents
 create mode 100644 .Rproj.user/3F54B192/sources/s-35A609FF/D62CF4E3-contents
 create mode 100644 .Rproj.user/3F54B192/sources/s-35A609FF/E2E198D1
 create mode 100644 .Rproj.user/3F54B192/sources/s-35A609FF/E2E198D1-contents
 create mode 100644 .Rproj.user/3F54B192/sources/s-35A609FF/E3B066F1-contents
 create mode 100644 .Rproj.user/3F54B192/sources/s-35A609FF/EE2E8570-contents
 create mode 100644 .Rproj.user/3F54B192/sources/s-35A609FF/FA9D18AC-contents
 create mode 100644 .Rproj.user/3F54B192/sources/s-35A609FF/lock_file
 create mode 100644 .Rproj.user/shared/notebooks/patch-chunk-names
 create mode 100644 .Rproj.user/shared/notebooks/paths
 create mode 100644 README.html
 create mode 100644 README.md
 create mode 100644 TODO
 create mode 100644 afl_prediction.Rproj
 create mode 100644 cache/README.md
 create mode 100644 config/README.md
 create mode 100644 config/global.dcf
 create mode 100644 data/README.md
 create mode 100644 data/past_results.rds
 create mode 100644 data/schedules.rds
 create mode 100644 diagnostics/1.R
 create mode 100644 diagnostics/README.md
 create mode 100644 docs/README.md
 create mode 100644 graphs/README.md
 create mode 100644 lib/README.md
 create mode 100644 lib/elo_functions.R
 create mode 100644 lib/globals.R
 create mode 100644 lib/helpers.R
 create mode 100644 logs/README.md
 create mode 100644 munge/01-A.R
 create mode 100644 munge/README.md
 create mode 100644 profiling/1.R
 create mode 100644 profiling/README.md
 create mode 100644 reports/README.md
 create mode 100644 src/README.md
 create mode 100644 src/main.R
 create mode 100644 src/scrape_afl_tables.R
 create mode 100644 tests/1.R
 create mode 100644 tests/README.md
]0;~/my_stuff/current work/afl_predictionSachintha-Karunaratnes-MacBook-Pro:afl_prediction sachintha$ git pus h -u origin master
Enter passphrase for key '/Users/sachintha/.ssh/id_rsa': 
Enter passphrase for key '/Users/sachintha/.ssh/id_rsa': 
Enter passphrase for key '/Users/sachintha/.ssh/id_rsa': 
git@bitbucket.org: Permission denied (publickey).
fatal: Could not read from remote repository.

Please make sure you have the correct access rights
and the repository exists.
]0;~/my_stuff/current work/afl_predictionSachintha-Karunaratnes-MacBook-Pro:afl_prediction sachintha$ git pushh -u origin master
Enter passphrase for key '/Users/sachintha/.ssh/id_rsa': 
Enter passphrase for key '/Users/sachintha/.ssh/id_rsa': 
Enter passphrase for key '/Users/sachintha/.ssh/id_rsa': 
git@bitbucket.org: Permission denied (publickey).
fatal: Could not read from remote repository.

Please make sure you have the correct access rights
and the repository exists.
]0;~/my_stuff/current work/afl_predictionSachintha-Karunaratnes-MacBook-Pro:afl_prediction sachintha$ git pushh -u origin master
Enter passphrase for key '/Users/sachintha/.ssh/id_rsa': 
Counting objects: 70, done.
Delta compression using up to 4 threads.
Compressing objects:   1% (1/59)   Compressing objects:   3% (2/59)   Compressing objects:   5% (3/59)   Compressing objects:   6% (4/59)   Compressing objects:   8% (5/59)   Compressing objects:  10% (6/59)   Compressing objects:  11% (7/59)   Compressing objects:  13% (8/59)   Compressing objects:  15% (9/59)   Compressing objects:  16% (10/59)   Compressing objects:  18% (11/59)   Compressing objects:  20% (12/59)   Compressing objects:  22% (13/59)   Compressing objects:  23% (14/59)   Compressing objects:  25% (15/59)   Compressing objects:  27% (16/59)   Compressing objects:  28% (17/59)   Compressing objects:  30% (18/59)   Compressing objects:  32% (19/59)   Compressing objects:  33% (20/59)   Compressing objects:  35% (21/59)   Compressing objects:  37% (22/59)   Compressing objects:  38% (23/59)   Compressing objects:  40% (24/59)   Compressing objects:  42% (25/59)   Compressing objects:  44% (26/59)   Compressing objects:  45% (27/59)   Compressing objects:  47% (28/59)   Compressing objects:  49% (29/59)   Compressing objects:  50% (30/59)   Compressing objects:  52% (31/59)   Compressing objects:  54% (32/59)   Compressing objects:  55% (33/59)   Compressing objects:  57% (34/59)   Compressing objects:  59% (35/59)   Compressing objects:  61% (36/59)   Compressing objects:  62% (37/59)   Compressing objects:  64% (38/59)   Compressing objects:  66% (39/59)   Compressing objects:  67% (40/59)   Compressing objects:  69% (41/59)   Compressing objects:  71% (42/59)   Compressing objects:  72% (43/59)   Compressing objects:  74% (44/59)   Compressing objects:  76% (45/59)   Compressing objects:  77% (46/59)   Compressing objects:  79% (47/59)   Compressing objects:  81% (48/59)   Compressing objects:  83% (49/59)   Compressing objects:  84% (50/59)   Compressing objects:  86% (51/59)   Compressing objects:  88% (52/59)   Compressing objects:  89% (53/59)   Compressing objects:  91% (54/59)   Compressing objects:  93% (55/59)   Compressing objects:  94% (56/59)   Compressing objects:  96% (57/59)   Compressing objects:  98% (58/59)   Compressing objects: 100% (59/59)   Compressing objects: 100% (59/59), done.
Writing objects:   1% (1/70)   Writing objects:   2% (2/70)   Writing objects:   4% (3/70)   Writing objects:   5% (4/70)   Writing objects:   7% (5/70)   Writing objects:   8% (6/70)   Writing objects:  10% (7/70)   Writing objects:  11% (8/70)   Writing objects:  12% (9/70)   Writing objects:  14% (10/70)   Writing objects:  15% (11/70)   Writing objects:  17% (12/70)   Writing objects:  18% (13/70)   Writing objects:  20% (14/70)   Writing objects:  21% (15/70)   Writing objects:  22% (16/70)   Writing objects:  24% (17/70)   Writing objects:  25% (18/70)   Writing objects:  27% (19/70)   Writing objects:  28% (20/70)   Writing objects:  30% (21/70)   Writing objects:  31% (22/70)   Writing objects:  32% (23/70)   Writing objects:  34% (24/70)   Writing objects:  35% (25/70)   Writing objects:  37% (26/70)   Writing objects:  38% (27/70)   Writing objects:  40% (28/70)   Writing objects:  41% (29/70)   Writing objects:  42% (30/70)   Writing objects:  44% (31/70)   Writing objects:  47% (33/70)   Writing objects:  48% (34/70)   Writing objects:  50% (35/70)   Writing objects:  51% (36/70)   Writing objects:  52% (37/70)   Writing objects:  54% (38/70)   Writing objects:  55% (39/70)   Writing objects:  57% (40/70)   Writing objects:  58% (41/70)   Writing objects:  60% (42/70)   Writing objects:  61% (43/70)   Writing objects:  62% (44/70)   Writing objects:  64% (45/70)   Writing objects:  65% (46/70)   Writing objects:  67% (47/70)   Writing objects:  68% (48/70)   Writing objects:  70% (49/70)   Writing objects:  71% (50/70)   Writing objects:  72% (51/70)   Writing objects:  74% (52/70)   Writing objects:  75% (53/70)   Writing objects:  77% (54/70)   Writing objects:  78% (55/70)   Writing objects:  80% (56/70)   Writing objects:  81% (57/70)   Writing objects:  82% (58/70)   Writing objects:  84% (59/70)   Writing objects:  85% (60/70)   Writing objects:  87% (61/70)   Writing objects:  88% (62/70)   Writing objects:  90% (63/70)   Writing objects:  91% (64/70)   Writing objects:  92% (65/70)   Writing objects:  94% (66/70)   Writing objects:  95% (67/70)   Writing objects:  97% (68/70)   Writing objects:  98% (69/70)   Writing objects: 100% (70/70)   Writing objects: 100% (70/70), 373.22 KiB | 2.12 MiB/s, done.
Total 70 (delta 4), reused 0 (delta 0)
To bitbucket.org:sachintha/afl_prediction.git
 * [new branch]      master -> master
Branch master set up to track remote branch master from origin.
]0;~/my_stuff/current work/afl_predictionYou have new mail in /var/mail/sachintha
[KSachintha-Karunaratnes-MacBook-Pro:afl_prediction sachintha$ 
]0;~/my_stuff/current work/afl_predictionSachintha-Karunaratnes-MacBook-Pro:afl_prediction sachintha$ 
]0;~/my_stuff/current work/afl_predictionSachintha-Karunaratnes-MacBook-Pro:afl_prediction sachintha$ 
]0;~/my_stuff/current work/afl_predictionSachintha-Karunaratnes-MacBook-Pro:afl_prediction sachintha$ 
]0;~/my_stuff/current work/afl_predictionSachintha-Karunaratnes-MacBook-Pro:afl_prediction sachintha$ git sta tus
On branch master
Your branch is up-to-date with 'origin/master'.

Changes not staged for commit:
  (use "git add/rm <file>..." to update what will be committed)
  (use "git checkout -- <file>..." to discard changes in working directory)

	[31mmodified:   .Rproj.user/3F54B192/console06/C03844D5[m
	[31mmodified:   .Rproj.user/3F54B192/console06/INDEX001[m
	[31mmodified:   .Rproj.user/3F54B192/sources/prop/9C1C5578[m
	[31mmodified:   .Rproj.user/3F54B192/sources/prop/D378A54B[m
	[31mmodified:   .Rproj.user/3F54B192/sources/prop/INDEX[m
	[31mdeleted:    .Rproj.user/3F54B192/sources/s-35A609FF/1C546751-contents[m
	[31mdeleted:    .Rproj.user/3F54B192/sources/s-35A609FF/3774BE12-contents[m
	[31mdeleted:    .Rproj.user/3F54B192/sources/s-35A609FF/3A5A41FB-contents[m
	[31mdeleted:    .Rproj.user/3F54B192/sources/s-35A609FF/435F5362-contents[m
	[31mdeleted:    .Rproj.user/3F54B192/sources/s-35A609FF/4A416FD7-contents[m
	[31mdeleted:    .Rproj.user/3F54B192/sources/s-35A609FF/5A09D8BB-contents[m
	[31mdeleted:    .Rproj.user/3F54B192/sources/s-35A609FF/65A4F887-contents[m
	[31mdeleted:    .Rproj.user/3F54B192/sources/s-35A609FF/66C1114C-contents[m
	[31mdeleted:    .Rproj.user/3F54B192/sources/s-35A609FF/6D7F0BD6-contents[m
	[31mdeleted:    .Rproj.user/3F54B192/sources/s-35A609FF/761A872B-contents[m
	[31mdeleted:    .Rproj.user/3F54B192/sources/s-35A609FF/7D6702CF[m
	[31mdeleted:    .Rproj.user/3F54B192/sources/s-35A609FF/7D6702CF-contents[m
	[31mdeleted:    .Rproj.user/3F54B192/sources/s-35A609FF/803142CC-contents[m
	[31mdeleted:    .Rproj.user/3F54B192/sources/s-35A609FF/8694F6FE-contents[m
	[31mdeleted:    .Rproj.user/3F54B192/sources/s-35A609FF/9ECBDFC3-contents[m
	[31mdeleted:    .Rproj.user/3F54B192/sources/s-35A609FF/A695523E-contents[m
	[31mdeleted:    .Rproj.user/3F54B192/sources/s-35A609FF/A9B2DA4F-contents[m
	[31mdeleted:    .Rproj.user/3F54B192/sources/s-35A609FF/B7F4EA33[m
	[31mdeleted:    .Rproj.user/3F54B192/sources/s-35A609FF/B7F4EA33-contents[m
	[31mdeleted:    .Rproj.user/3F54B192/sources/s-35A609FF/BEC42D2B[m
	[31mdeleted:    .Rproj.user/3F54B192/sources/s-35A609FF/BEC42D2B-contents[m
	[31mdeleted:    .Rproj.user/3F54B192/sources/s-35A609FF/CDB11BFE-contents[m
	[31mdeleted:    .Rproj.user/3F54B192/sources/s-35A609FF/D62CF4E3-contents[m
	[31mdeleted:    .Rproj.user/3F54B192/sources/s-35A609FF/E2E198D1[m
	[31mdeleted:    .Rproj.user/3F54B192/sources/s-35A609FF/E2E198D1-contents[m
	[31mdeleted:    .Rproj.user/3F54B192/sources/s-35A609FF/E3B066F1-contents[m
	[31mdeleted:    .Rproj.user/3F54B192/sources/s-35A609FF/EE2E8570-contents[m
	[31mdeleted:    .Rproj.user/3F54B192/sources/s-35A609FF/FA9D18AC-contents[m
	[31mdeleted:    .Rproj.user/3F54B192/sources/s-35A609FF/lock_file[m
	[31mmodified:   .Rproj.user/shared/notebooks/paths[m
	[31mmodified:   lib/elo_functions.R[m
	[31mmodified:   src/main.R[m

Untracked files:
  (use "git add <file>..." to include in what will be committed)

	[31m.gitignore[m
	[31mlib/simple_point_spread_regression.R[m
	[31msimulate_tournaments.R[m

no changes added to commit (use "git add" and/or "git commit -a")
]0;~/my_stuff/current work/afl_predictionSachintha-Karunaratnes-MacBook-Pro:afl_prediction sachintha$ git add  -u
]0;~/my_stuff/current work/afl_predictionSachintha-Karunaratnes-MacBook-Pro:afl_prediction sachintha$ git add  lib/simple_point_spread_regression.R
]0;~/my_stuff/current work/afl_predictionSachintha-Karunaratnes-MacBook-Pro:afl_prediction sachintha$ 
]0;~/my_stuff/current work/afl_predictionSachintha-Karunaratnes-MacBook-Pro:afl_prediction sachintha$ 
]0;~/my_stuff/current work/afl_predictionSachintha-Karunaratnes-MacBook-Pro:afl_prediction sachintha$ 
]0;~/my_stuff/current work/afl_predictionSachintha-Karunaratnes-MacBook-Pro:afl_prediction sachintha$ 
]0;~/my_stuff/current work/afl_predictionSachintha-Karunaratnes-MacBook-Pro:afl_prediction sachintha$ git sta tus
On branch master
Your branch is up-to-date with 'origin/master'.

Changes to be committed:
  (use "git reset HEAD <file>..." to unstage)

	[32mmodified:   .Rproj.user/3F54B192/console06/C03844D5[m
	[32mmodified:   .Rproj.user/3F54B192/console06/C03844D5.env[m
	[32mmodified:   .Rproj.user/3F54B192/console06/INDEX001[m
	[32mmodified:   .Rproj.user/3F54B192/sources/prop/9C1C5578[m
	[32mmodified:   .Rproj.user/3F54B192/sources/prop/D378A54B[m
	[32mmodified:   .Rproj.user/3F54B192/sources/prop/INDEX[m
	[32mdeleted:    .Rproj.user/3F54B192/sources/s-35A609FF/1C546751-contents[m
	[32mdeleted:    .Rproj.user/3F54B192/sources/s-35A609FF/3774BE12-contents[m
	[32mdeleted:    .Rproj.user/3F54B192/sources/s-35A609FF/3A5A41FB-contents[m
	[32mdeleted:    .Rproj.user/3F54B192/sources/s-35A609FF/435F5362-contents[m
	[32mdeleted:    .Rproj.user/3F54B192/sources/s-35A609FF/4A416FD7-contents[m
	[32mdeleted:    .Rproj.user/3F54B192/sources/s-35A609FF/5A09D8BB-contents[m
	[32mdeleted:    .Rproj.user/3F54B192/sources/s-35A609FF/65A4F887-contents[m
	[32mdeleted:    .Rproj.user/3F54B192/sources/s-35A609FF/66C1114C-contents[m
	[32mdeleted:    .Rproj.user/3F54B192/sources/s-35A609FF/6D7F0BD6-contents[m
	[32mdeleted:    .Rproj.user/3F54B192/sources/s-35A609FF/761A872B-contents[m
	[32mdeleted:    .Rproj.user/3F54B192/sources/s-35A609FF/7D6702CF[m
	[32mdeleted:    .Rproj.user/3F54B192/sources/s-35A609FF/7D6702CF-contents[m
	[32mdeleted:    .Rproj.user/3F54B192/sources/s-35A609FF/803142CC-contents[m
	[32mdeleted:    .Rproj.user/3F54B192/sources/s-35A609FF/8694F6FE-contents[m
	[32mdeleted:    .Rproj.user/3F54B192/sources/s-35A609FF/9ECBDFC3-contents[m
	[32mdeleted:    .Rproj.user/3F54B192/sources/s-35A609FF/A695523E-contents[m
	[32mdeleted:    .Rproj.user/3F54B192/sources/s-35A609FF/A9B2DA4F-contents[m
	[32mdeleted:    .Rproj.user/3F54B192/sources/s-35A609FF/B7F4EA33[m
	[32mdeleted:    .Rproj.user/3F54B192/sources/s-35A609FF/BEC42D2B[m
	[32mdeleted:    .Rproj.user/3F54B192/sources/s-35A609FF/BEC42D2B-contents[m
	[32mdeleted:    .Rproj.user/3F54B192/sources/s-35A609FF/CDB11BFE-contents[m
	[32mdeleted:    .Rproj.user/3F54B192/sources/s-35A609FF/D62CF4E3-contents[m
	[32mdeleted:    .Rproj.user/3F54B192/sources/s-35A609FF/E2E198D1[m
	[32mdeleted:    .Rproj.user/3F54B192/sources/s-35A609FF/E2E198D1-contents[m
	[32mdeleted:    .Rproj.user/3F54B192/sources/s-35A609FF/E3B066F1-contents[m
	[32mdeleted:    .Rproj.user/3F54B192/sources/s-35A609FF/EE2E8570-contents[m
	[32mdeleted:    .Rproj.user/3F54B192/sources/s-35A609FF/FA9D18AC-contents[m
	[32mdeleted:    .Rproj.user/3F54B192/sources/s-35A609FF/lock_file[m
	[32mmodified:   .Rproj.user/shared/notebooks/paths[m
	[32mrenamed:    .Rproj.user/3F54B192/sources/s-35A609FF/B7F4EA33-contents -> lib/elo_functions.R[m
	[32mnew file:   lib/simple_point_spread_regression.R[m
	[32mmodified:   src/main.R[m

Changes not staged for commit:
  (use "git add <file>..." to update what will be committed)
  (use "git checkout -- <file>..." to discard changes in working directory)

	[31mmodified:   .Rproj.user/3F54B192/console06/C03844D5[m
	[31mmodified:   .Rproj.user/3F54B192/sources/prop/D378A54B[m
	[31mmodified:   .Rproj.user/3F54B192/sources/prop/INDEX[m

Untracked files:
  (use "git add <file>..." to include in what will be committed)

	[31m.gitignore[m
	[31mlib/simulate_tournaments.R[m

]0;~/my_stuff/current work/afl_predictionSachintha-Karunaratnes-MacBook-Pro:afl_prediction sachintha$ git add  lib/simulate_tournaments.R
]0;~/my_stuff/current work/afl_predictionSachintha-Karunaratnes-MacBook-Pro:afl_prediction sachintha$ git com mit -m 'added a crapy[Kpy model'
[master 9a3ae86] added a crappy model
 39 files changed, 627 insertions(+), 310 deletions(-)
 rewrite .Rproj.user/3F54B192/console06/INDEX001 (100%)
 delete mode 100644 .Rproj.user/3F54B192/sources/s-35A609FF/1C546751-contents
 delete mode 100644 .Rproj.user/3F54B192/sources/s-35A609FF/3774BE12-contents
 delete mode 100644 .Rproj.user/3F54B192/sources/s-35A609FF/3A5A41FB-contents
 delete mode 100644 .Rproj.user/3F54B192/sources/s-35A609FF/435F5362-contents
 delete mode 100644 .Rproj.user/3F54B192/sources/s-35A609FF/4A416FD7-contents
 delete mode 100644 .Rproj.user/3F54B192/sources/s-35A609FF/5A09D8BB-contents
 delete mode 100644 .Rproj.user/3F54B192/sources/s-35A609FF/65A4F887-contents
 delete mode 100644 .Rproj.user/3F54B192/sources/s-35A609FF/66C1114C-contents
 delete mode 100644 .Rproj.user/3F54B192/sources/s-35A609FF/6D7F0BD6-contents
 delete mode 100644 .Rproj.user/3F54B192/sources/s-35A609FF/761A872B-contents
 delete mode 100644 .Rproj.user/3F54B192/sources/s-35A609FF/7D6702CF
 delete mode 100644 .Rproj.user/3F54B192/sources/s-35A609FF/7D6702CF-contents
 delete mode 100644 .Rproj.user/3F54B192/sources/s-35A609FF/803142CC-contents
 delete mode 100644 .Rproj.user/3F54B192/sources/s-35A609FF/8694F6FE-contents
 delete mode 100644 .Rproj.user/3F54B192/sources/s-35A609FF/9ECBDFC3-contents
 delete mode 100644 .Rproj.user/3F54B192/sources/s-35A609FF/A695523E-contents
 delete mode 100644 .Rproj.user/3F54B192/sources/s-35A609FF/A9B2DA4F-contents
 delete mode 100644 .Rproj.user/3F54B192/sources/s-35A609FF/B7F4EA33
 delete mode 100644 .Rproj.user/3F54B192/sources/s-35A609FF/BEC42D2B
 delete mode 100644 .Rproj.user/3F54B192/sources/s-35A609FF/BEC42D2B-contents
 delete mode 100644 .Rproj.user/3F54B192/sources/s-35A609FF/CDB11BFE-contents
 delete mode 100644 .Rproj.user/3F54B192/sources/s-35A609FF/D62CF4E3-contents
 delete mode 100644 .Rproj.user/3F54B192/sources/s-35A609FF/E2E198D1
 delete mode 100644 .Rproj.user/3F54B192/sources/s-35A609FF/E2E198D1-contents
 delete mode 100644 .Rproj.user/3F54B192/sources/s-35A609FF/E3B066F1-contents
 delete mode 100644 .Rproj.user/3F54B192/sources/s-35A609FF/EE2E8570-contents
 delete mode 100644 .Rproj.user/3F54B192/sources/s-35A609FF/FA9D18AC-contents
 delete mode 100644 .Rproj.user/3F54B192/sources/s-35A609FF/lock_file
 rename .Rproj.user/3F54B192/sources/s-35A609FF/B7F4EA33-contents => lib/elo_functions.R (66%)
 create mode 100644 lib/simple_point_spread_regression.R
 create mode 100644 lib/simulate_tournaments.R
]0;~/my_stuff/current work/afl_predictionSachintha-Karunaratnes-MacBook-Pro:afl_prediction sachintha$ git pus h origin master
Enter passphrase for key '/Users/sachintha/.ssh/id_rsa': 
Counting objects: 22, done.
Delta compression using up to 4 threads.
Compressing objects:   5% (1/20)   Compressing objects:  10% (2/20)   Compressing objects:  15% (3/20)   Compressing objects:  20% (4/20)   Compressing objects:  25% (5/20)   Compressing objects:  30% (6/20)   Compressing objects:  35% (7/20)   Compressing objects:  40% (8/20)   Compressing objects:  45% (9/20)   Compressing objects:  50% (10/20)   Compressing objects:  55% (11/20)   Compressing objects:  60% (12/20)   Compressing objects:  65% (13/20)   Compressing objects:  70% (14/20)   Compressing objects:  75% (15/20)   Compressing objects:  80% (16/20)   Compressing objects:  85% (17/20)   Compressing objects:  90% (18/20)   Compressing objects:  95% (19/20)   Compressing objects: 100% (20/20)   Compressing objects: 100% (20/20), done.
Writing objects:   4% (1/22)   Writing objects:   9% (2/22)   Writing objects:  13% (3/22)   Writing objects:  18% (4/22)   Writing objects:  22% (5/22)   Writing objects:  27% (6/22)   Writing objects:  31% (7/22)   Writing objects:  36% (8/22)   Writing objects:  40% (9/22)   Writing objects:  45% (10/22)   Writing objects:  50% (11/22)   Writing objects:  54% (12/22)   Writing objects:  59% (13/22)   Writing objects:  63% (14/22)   Writing objects:  68% (15/22)   Writing objects:  72% (16/22)   Writing objects:  77% (17/22)   Writing objects:  81% (18/22)   Writing objects:  86% (19/22)   Writing objects:  90% (20/22)   Writing objects:  95% (21/22)   Writing objects: 100% (22/22)   Writing objects: 100% (22/22), 8.87 KiB | 302.00 KiB/s, done.
Total 22 (delta 7), reused 0 (delta 0)
To bitbucket.org:sachintha/afl_prediction.git
   b6d3f99..9a3ae86  master -> master
]0;~/my_stuff/current work/afl_predictionSachintha-Karunaratnes-MacBook-Pro:afl_prediction sachintha$ git sta tus
On branch master
Your branch is up-to-date with 'origin/master'.

Changes not staged for commit:
  (use "git add <file>..." to update what will be committed)
  (use "git checkout -- <file>..." to discard changes in working directory)

	[31mmodified:   .Rproj.user/3F54B192/console06/C03844D5[m
	[31mmodified:   .Rproj.user/3F54B192/sources/prop/9C1C5578[m
	[31mmodified:   .Rproj.user/3F54B192/sources/prop/D378A54B[m
	[31mmodified:   .Rproj.user/3F54B192/sources/prop/INDEX[m
	[31mmodified:   lib/elo_functions.R[m
	[31mmodified:   lib/simple_point_spread_regression.R[m
	[31mmodified:   lib/simulate_tournaments.R[m
	[31mmodified:   src/main.R[m

Untracked files:
  (use "git add <file>..." to include in what will be committed)

	[31m.gitignore[m

no changes added to commit (use "git add" and/or "git commit -a")
]0;~/my_stuff/current work/afl_predictionYou have new mail in /var/mail/sachintha
Sachintha-Karunaratnes-MacBook-Pro:afl_prediction sachintha$ git add  -u
]0;~/my_stuff/current work/afl_predictionSachintha-Karunaratnes-MacBook-Pro:afl_prediction sachintha$ git com mi t[K[Kt -m 'progress commit [K'
[master 290d714] progress commit
 8 files changed, 333 insertions(+), 62 deletions(-)
]0;~/my_stuff/current work/afl_predictionSachintha-Karunaratnes-MacBook-Pro:afl_prediction sachintha$ git pus h origin master
Enter passphrase for key '/Users/sachintha/.ssh/id_rsa': 
Counting objects: 17, done.
Delta compression using up to 4 threads.
Compressing objects:   6% (1/16)   Compressing objects:  12% (2/16)   Compressing objects:  18% (3/16)   Compressing objects:  25% (4/16)   Compressing objects:  31% (5/16)   Compressing objects:  37% (6/16)   Compressing objects:  43% (7/16)   Compressing objects:  50% (8/16)   Compressing objects:  56% (9/16)   Compressing objects:  62% (10/16)   Compressing objects:  68% (11/16)   Compressing objects:  75% (12/16)   Compressing objects:  81% (13/16)   Compressing objects:  87% (14/16)   Compressing objects:  93% (15/16)   Compressing objects: 100% (16/16)   Compressing objects: 100% (16/16), done.
Writing objects:   5% (1/17)   Writing objects:  11% (2/17)   Writing objects:  17% (3/17)   Writing objects:  23% (4/17)   Writing objects:  29% (5/17)   Writing objects:  35% (6/17)   Writing objects:  41% (7/17)   Writing objects:  47% (8/17)   Writing objects:  52% (9/17)   Writing objects:  58% (10/17)   Writing objects:  64% (11/17)   Writing objects:  70% (12/17)   Writing objects:  76% (13/17)   Writing objects:  82% (14/17)   Writing objects:  88% (15/17)   Writing objects:  94% (16/17)   Writing objects: 100% (17/17)   Writing objects: 100% (17/17), 4.14 KiB | 90.00 KiB/s, done.
Total 17 (delta 9), reused 0 (delta 0)
To bitbucket.org:sachintha/afl_prediction.git
   9a3ae86..290d714  master -> master
]0;~/my_stuff/current work/afl_predictionSachintha-Karunaratnes-MacBook-Pro:afl_prediction sachintha$ 
]0;~/my_stuff/current work/afl_predictionYou have new mail in /var/mail/sachintha
Sachintha-Karunaratnes-MacBook-Pro:afl_prediction sachintha$ 
]0;~/my_stuff/current work/afl_predictionSachintha-Karunaratnes-MacBook-Pro:afl_prediction sachintha$ 
]0;~/my_stuff/current work/afl_predictionSachintha-Karunaratnes-MacBook-Pro:afl_prediction sachintha$ 
]0;~/my_stuff/current work/afl_predictionSachintha-Karunaratnes-MacBook-Pro:afl_prediction sachintha$ git sta tus
On branch master
Your branch is up-to-date with 'origin/master'.

Changes not staged for commit:
  (use "git add <file>..." to update what will be committed)
  (use "git checkout -- <file>..." to discard changes in working directory)

	[31mmodified:   .Rproj.user/3F54B192/console06/C03844D5[m
	[31mmodified:   .Rproj.user/3F54B192/sources/prop/9C1C5578[m
	[31mmodified:   .Rproj.user/3F54B192/sources/prop/D378A54B[m
	[31mmodified:   .Rproj.user/3F54B192/sources/prop/INDEX[m
	[31mmodified:   .Rproj.user/shared/notebooks/paths[m
	[31mmodified:   lib/elo_functions.R[m
	[31mmodified:   lib/simulate_tournaments.R[m
	[31mmodified:   src/main.R[m

Untracked files:
  (use "git add <file>..." to include in what will be committed)

	[31m.gitignore[m
	[31msrc/simulate_2017_season.R[m

no changes added to commit (use "git add" and/or "git commit -a")
]0;~/my_stuff/current work/afl_predictionSachintha-Karunaratnes-MacBook-Pro:afl_prediction sachintha$ git add  -u
]0;~/my_stuff/current work/afl_predictionSachintha-Karunaratnes-MacBook-Pro:afl_prediction sachintha$ git add  src/simulate_2017_season.R 
]0;~/my_stuff/current work/afl_predictionSachintha-Karunaratnes-MacBook-Pro:afl_prediction sachintha$ git com mit -m 'mostly done with [K[K[K[K[K[K[K[K[K[K[K[K[K[K[K[K[Ktournal[Kment simulation is code compleye[K[Kte. but yet teo [K[K[Ko m[Kbe tested '
[master c892b77] tournament simulation is code complete. but yet to be tested
 9 files changed, 270 insertions(+), 142 deletions(-)
 create mode 100644 src/simulate_2017_season.R
]0;~/my_stuff/current work/afl_predictionSachintha-Karunaratnes-MacBook-Pro:afl_prediction sachintha$ git pus h origin master
Enter passphrase for key '/Users/sachintha/.ssh/id_rsa': 
Counting objects: 20, done.
Delta compression using up to 4 threads.
Compressing objects:   5% (1/18)   Compressing objects:  11% (2/18)   Compressing objects:  16% (3/18)   Compressing objects:  22% (4/18)   Compressing objects:  27% (5/18)   Compressing objects:  33% (6/18)   Compressing objects:  38% (7/18)   Compressing objects:  44% (8/18)   Compressing objects:  50% (9/18)   Compressing objects:  55% (10/18)   Compressing objects:  61% (11/18)   Compressing objects:  66% (12/18)   Compressing objects:  72% (13/18)   Compressing objects:  77% (14/18)   Compressing objects:  83% (15/18)   Compressing objects:  88% (16/18)   Compressing objects:  94% (17/18)   Compressing objects: 100% (18/18)   Compressing objects: 100% (18/18), done.
Writing objects:   5% (1/20)   Writing objects:  10% (2/20)   Writing objects:  15% (3/20)   Writing objects:  20% (4/20)   Writing objects:  25% (5/20)   Writing objects:  30% (6/20)   Writing objects:  35% (7/20)   Writing objects:  40% (8/20)   Writing objects:  45% (9/20)   Writing objects:  50% (10/20)   Writing objects:  55% (11/20)   Writing objects:  60% (12/20)   Writing objects:  65% (13/20)   Writing objects:  70% (14/20)   Writing objects:  75% (15/20)   Writing objects:  80% (16/20)   Writing objects:  85% (17/20)   Writing objects:  90% (18/20)   Writing objects:  95% (19/20)   Writing objects: 100% (20/20)   Writing objects: 100% (20/20), 3.73 KiB | 477.00 KiB/s, done.
Total 20 (delta 9), reused 0 (delta 0)
To bitbucket.org:sachintha/afl_prediction.git
   290d714..c892b77  master -> master
]0;~/my_stuff/current work/afl_predictionSachintha-Karunaratnes-MacBook-Pro:afl_prediction sachintha$ 
]0;~/my_stuff/current work/afl_predictionYou have new mail in /var/mail/sachintha
Sachintha-Karunaratnes-MacBook-Pro:afl_prediction sachintha$ 
]0;~/my_stuff/current work/afl_predictionSachintha-Karunaratnes-MacBook-Pro:afl_prediction sachintha$ git sta tus
On branch master
Your branch is up-to-date with 'origin/master'.

Changes not staged for commit:
  (use "git add <file>..." to update what will be committed)
  (use "git checkout -- <file>..." to discard changes in working directory)

	[31mmodified:   .Rproj.user/3F54B192/console06/C03844D5[m
	[31mmodified:   .Rproj.user/3F54B192/sources/prop/44FB177A[m
	[31mmodified:   .Rproj.user/3F54B192/sources/prop/9C1C5578[m
	[31mmodified:   .Rproj.user/3F54B192/sources/prop/D378A54B[m
	[31mmodified:   .Rproj.user/3F54B192/sources/prop/INDEX[m
	[31mmodified:   .Rproj.user/shared/notebooks/paths[m
	[31mmodified:   lib/elo_functions.R[m
	[31mmodified:   munge/01-A.R[m
	[31mmodified:   src/simulate_2017_season.R[m

Untracked files:
  (use "git add <file>..." to include in what will be committed)

	[31m.gitignore[m
	[31mcache/afl.2018.AUSEasternStandardTime.RData[m
	[31mcache/afl.2018.AUSEasternStandardTime.hash[m
	[31mdata/afl-2018-AUSEasternStandardTime.csv[m
	[31mpremiership_prob_after_20_matches.pdf[m
	[31msrc/season_2018_predictions.R[m

no changes added to commit (use "git add" and/or "git commit -a")
]0;~/my_stuff/current work/afl_predictionSachintha-Karunaratnes-MacBook-Pro:afl_prediction sachintha$ git add  -u
]0;~/my_stuff/current work/afl_predictionSachintha-Karunaratnes-MacBook-Pro:afl_prediction sachintha$ git add  data/afl-2018-AUSEasternStandardTime.csv
]0;~/my_stuff/current work/afl_predictionSachintha-Karunaratnes-MacBook-Pro:afl_prediction sachintha$ git add  src/season_2018_predictions.R
]0;~/my_stuff/current work/afl_predictionSachintha-Karunaratnes-MacBook-Pro:afl_prediction sachintha$ git com mit -m 'bug fix in the tournament simulation'
[master 8b4a73b] bug fix in the tournament simulation
 11 files changed, 436 insertions(+), 14 deletions(-)
 create mode 100644 data/afl-2018-AUSEasternStandardTime.csv
 create mode 100644 src/season_2018_predictions.R
]0;~/my_stuff/current work/afl_predictionSachintha-Karunaratnes-MacBook-Pro:afl_prediction sachintha$ git pus h origin m[K[K[K[Kin maser[K[Kter
Enter passphrase for key '/Users/sachintha/.ssh/id_rsa': 
Counting objects: 24, done.
Delta compression using up to 4 threads.
Compressing objects:   4% (1/22)   Compressing objects:   9% (2/22)   Compressing objects:  13% (3/22)   Compressing objects:  18% (4/22)   Compressing objects:  22% (5/22)   Compressing objects:  27% (6/22)   Compressing objects:  31% (7/22)   Compressing objects:  36% (8/22)   Compressing objects:  40% (9/22)   Compressing objects:  45% (10/22)   Compressing objects:  50% (11/22)   Compressing objects:  54% (12/22)   Compressing objects:  59% (13/22)   Compressing objects:  63% (14/22)   Compressing objects:  68% (15/22)   Compressing objects:  72% (16/22)   Compressing objects:  77% (17/22)   Compressing objects:  81% (18/22)   Compressing objects:  86% (19/22)   Compressing objects:  90% (20/22)   Compressing objects:  95% (21/22)   Compressing objects: 100% (22/22)   Compressing objects: 100% (22/22), done.
Writing objects:   4% (1/24)   Writing objects:   8% (2/24)   Writing objects:  12% (3/24)   Writing objects:  16% (4/24)   Writing objects:  20% (5/24)   Writing objects:  25% (6/24)   Writing objects:  29% (7/24)   Writing objects:  33% (8/24)   Writing objects:  37% (9/24)   Writing objects:  41% (10/24)   Writing objects:  45% (11/24)   Writing objects:  50% (12/24)   Writing objects:  54% (13/24)   Writing objects:  58% (14/24)   Writing objects:  62% (15/24)   Writing objects:  66% (16/24)   Writing objects:  70% (17/24)   Writing objects:  75% (18/24)   Writing objects:  79% (19/24)   Writing objects:  83% (20/24)   Writing objects:  87% (21/24)   Writing objects:  91% (22/24)   Writing objects:  95% (23/24)   Writing objects: 100% (24/24)   Writing objects: 100% (24/24), 6.45 KiB | 508.00 KiB/s, done.
Total 24 (delta 9), reused 0 (delta 0)
To bitbucket.org:sachintha/afl_prediction.git
   c892b77..8b4a73b  master -> master
]0;~/my_stuff/current work/afl_predictionSachintha-Karunaratnes-MacBook-Pro:afl_prediction sachintha$ [KSachintha-Karunaratnes-MacBook-Pro:afl_prediction sachintha$ 
]0;~/my_stuff/current work/afl_predictionYou have new mail in /var/mail/sachintha
Sachintha-Karunaratnes-MacBook-Pro:afl_prediction sachintha$ 
]0;~/my_stuff/current work/afl_predictionSachintha-Karunaratnes-MacBook-Pro:afl_prediction sachintha$ 
]0;~/my_stuff/current work/afl_predictionSachintha-Karunaratnes-MacBook-Pro:afl_prediction sachintha$ rm(list  -[K= ls())
bash: syntax error near unexpected token `list'
]0;~/my_stuff/current work/afl_predictionSachintha-Karunaratnes-MacBook-Pro:afl_prediction sachintha$ 
]0;~/my_stuff/current work/afl_predictionYou have new mail in /var/mail/sachintha
Sachintha-Karunaratnes-MacBook-Pro:afl_prediction sachintha$ 
]0;~/my_stuff/current work/afl_predictionSachintha-Karunaratnes-MacBook-Pro:afl_prediction sachintha$ 
]0;~/my_stuff/current work/afl_predictionSachintha-Karunaratnes-MacBook-Pro:afl_prediction sachintha$ 
]0;~/my_stuff/current work/afl_predictionSachintha-Karunaratnes-MacBook-Pro:afl_prediction sachintha$ git sta tus
On branch master
Your branch is up-to-date with 'origin/master'.

Changes not staged for commit:
  (use "git add <file>..." to update what will be committed)
  (use "git checkout -- <file>..." to discard changes in working directory)

	[31mmodified:   .Rproj.user/3F54B192/console06/C03844D5[m
	[31mmodified:   .Rproj.user/3F54B192/console06/INDEX001[m
	[31mmodified:   .Rproj.user/3F54B192/sources/prop/44FB177A[m
	[31mmodified:   .Rproj.user/3F54B192/sources/prop/9C1C5578[m
	[31mmodified:   .Rproj.user/3F54B192/sources/prop/D378A54B[m
	[31mmodified:   .Rproj.user/shared/notebooks/paths[m
	[31mmodified:   lib/simple_point_spread_regression.R[m
	[31mmodified:   munge/01-A.R[m
	[31mmodified:   src/main.R[m
	[31mmodified:   src/season_2018_predictions.R[m

Untracked files:
  (use "git add <file>..." to include in what will be committed)

	[31m.gitignore[m
	[31m2018_premiership_prob_after_9_matches.pdf[m
	[31mcache/afl.2018.AUSEasternStandardTime.RData[m
	[31mcache/afl.2018.AUSEasternStandardTime.hash[m
	[31mpremiership_prob_after_20_matches.pdf[m

no changes added to commit (use "git add" and/or "git commit -a")
]0;~/my_stuff/current work/afl_predictionSachintha-Karunaratnes-MacBook-Pro:afl_prediction sachintha$ git add  -u
]0;~/my_stuff/current work/afl_predictionSachintha-Karunaratnes-MacBook-Pro:afl_prediction sachintha$ git com mit -m 'bug fix and[K[K[K[K. added round  [K2 prec[Kdictions'
[master 4df6c91] bug fix. added round 2 predictions
 10 files changed, 142 insertions(+), 23 deletions(-)
]0;~/my_stuff/current work/afl_predictionSachintha-Karunaratnes-MacBook-Pro:afl_prediction sachintha$ git pus h origin master
Enter passphrase for key '/Users/sachintha/.ssh/id_rsa': 
Counting objects: 22, done.
Delta compression using up to 4 threads.
Compressing objects:   5% (1/20)   Compressing objects:  10% (2/20)   Compressing objects:  15% (3/20)   Compressing objects:  20% (4/20)   Compressing objects:  25% (5/20)   Compressing objects:  30% (6/20)   Compressing objects:  35% (7/20)   Compressing objects:  40% (8/20)   Compressing objects:  45% (9/20)   Compressing objects:  50% (10/20)   Compressing objects:  55% (11/20)   Compressing objects:  60% (12/20)   Compressing objects:  65% (13/20)   Compressing objects:  70% (14/20)   Compressing objects:  75% (15/20)   Compressing objects:  80% (16/20)   Compressing objects:  85% (17/20)   Compressing objects:  90% (18/20)   Compressing objects:  95% (19/20)   Compressing objects: 100% (20/20)   Compressing objects: 100% (20/20), done.
Writing objects:   4% (1/22)   Writing objects:   9% (2/22)   Writing objects:  13% (3/22)   Writing objects:  18% (4/22)   Writing objects:  22% (5/22)   Writing objects:  27% (6/22)   Writing objects:  31% (7/22)   Writing objects:  36% (8/22)   Writing objects:  40% (9/22)   Writing objects:  45% (10/22)   Writing objects:  50% (11/22)   Writing objects:  54% (12/22)   Writing objects:  59% (13/22)   Writing objects:  63% (14/22)   Writing objects:  68% (15/22)   Writing objects:  72% (16/22)   Writing objects:  77% (17/22)   Writing objects:  81% (18/22)   Writing objects:  86% (19/22)   Writing objects:  90% (20/22)   Writing objects:  95% (21/22)   Writing objects: 100% (22/22)   Writing objects: 100% (22/22), 2.84 KiB | 78.00 KiB/s, done.
Total 22 (delta 11), reused 0 (delta 0)
To bitbucket.org:sachintha/afl_prediction.git
   8b4a73b..4df6c91  master -> master

]0;~/my_stuff/current work/afl_predictionSachintha-Karunaratnes-MacBook-Pro:afl_prediction sachintha$ 
]0;~/my_stuff/current work/afl_predictionSachintha-Karunaratnes-MacBook-Pro:afl_prediction sachintha$ 
]0;~/my_stuff/current work/afl_predictionSachintha-Karunaratnes-MacBook-Pro:afl_prediction sachintha$ git sta tus
On branch master
Your branch is up to date with 'origin/master'.

Changes not staged for commit:
  (use "git add <file>..." to update what will be committed)
  (use "git checkout -- <file>..." to discard changes in working directory)

	[31mmodified:   .Rproj.user/3F54B192/console06/C03844D5[m
	[31mmodified:   .Rproj.user/3F54B192/console06/INDEX001[m
	[31mmodified:   .Rproj.user/3F54B192/sources/prop/44FB177A[m
	[31mmodified:   .Rproj.user/3F54B192/sources/prop/9C1C5578[m
	[31mmodified:   .Rproj.user/3F54B192/sources/prop/D378A54B[m
	[31mmodified:   .Rproj.user/3F54B192/sources/prop/INDEX[m
	[31mmodified:   .Rproj.user/shared/notebooks/paths[m
	[31mmodified:   lib/elo_functions.R[m
	[31mmodified:   lib/simple_point_spread_regression.R[m
	[31mmodified:   munge/01-A.R[m
	[31mmodified:   src/season_2018_predictions.R[m

Untracked files:
  (use "git add <file>..." to include in what will be committed)

	[31m.gitignore[m
	[31m2018_premiership_prob_after_9_matches.pdf[m
	[31mcache/afl.2018.AUSEasternStandardTime.RData[m
	[31mcache/afl.2018.AUSEasternStandardTime.hash[m
	[31mcache/mismatched.venue.names.2018.RData[m
	[31mcache/mismatched.venue.names.2018.hash[m
	[31mdata/mismatched_venue_names_2018.csv[m
	[31mpremiership_prob_after_20_matches.pdf[m

no changes added to commit (use "git add" and/or "git commit -a")
]0;~/my_stuff/current work/afl_predictionSachintha-Karunaratnes-MacBook-Pro:afl_prediction sachintha$ git add  -i[Ku
]0;~/my_stuff/current work/afl_predictionSachintha-Karunaratnes-MacBook-Pro:afl_prediction sachintha$ git add  data/mismatched_venue_names_2018.csv
]0;~/my_stuff/current work/afl_predictionSachintha-Karunaratnes-MacBook-Pro:afl_prediction sachintha$ git com mit -m 'in the process of i[Kadding home field advantages[K'
[master 186a911] in the process of adding home field advantage
 12 files changed, 201 insertions(+), 28 deletions(-)
 rewrite .Rproj.user/3F54B192/console06/INDEX001 (86%)
 create mode 100644 data/mismatched_venue_names_2018.csv
]0;~/my_stuff/current work/afl_predictionSachintha-Karunaratnes-MacBook-Pro:afl_prediction sachintha$ git pus h origin master
Enter passphrase for key '/Users/sachintha/.ssh/id_rsa': 
Counting objects: 25, done.
Delta compression using up to 4 threads.
Compressing objects:   4% (1/23)   Compressing objects:   8% (2/23)   Compressing objects:  13% (3/23)   Compressing objects:  17% (4/23)   Compressing objects:  21% (5/23)   Compressing objects:  26% (6/23)   Compressing objects:  30% (7/23)   Compressing objects:  34% (8/23)   Compressing objects:  39% (9/23)   Compressing objects:  43% (10/23)   Compressing objects:  47% (11/23)   Compressing objects:  52% (12/23)   Compressing objects:  56% (13/23)   Compressing objects:  60% (14/23)   Compressing objects:  65% (15/23)   Compressing objects:  69% (16/23)   Compressing objects:  73% (17/23)   Compressing objects:  78% (18/23)   Compressing objects:  82% (19/23)   Compressing objects:  86% (20/23)   Compressing objects:  91% (21/23)   Compressing objects:  95% (22/23)   Compressing objects: 100% (23/23)   Compressing objects: 100% (23/23), done.
Writing objects:   4% (1/25)   Writing objects:   8% (2/25)   Writing objects:  12% (3/25)   Writing objects:  16% (4/25)   Writing objects:  20% (5/25)   Writing objects:  24% (6/25)   Writing objects:  28% (7/25)   Writing objects:  32% (8/25)   Writing objects:  36% (9/25)   Writing objects:  40% (10/25)   Writing objects:  44% (11/25)   Writing objects:  48% (12/25)   Writing objects:  52% (13/25)   Writing objects:  56% (14/25)   Writing objects:  60% (15/25)   Writing objects:  64% (16/25)   Writing objects:  68% (17/25)   Writing objects:  72% (18/25)   Writing objects:  76% (19/25)   Writing objects:  80% (20/25)   Writing objects:  84% (21/25)   Writing objects:  88% (22/25)   Writing objects:  92% (23/25)   Writing objects:  96% (24/25)   Writing objects: 100% (25/25)   Writing objects: 100% (25/25), 5.10 KiB | 91.00 KiB/s, done.
Total 25 (delta 12), reused 0 (delta 0)
To bitbucket.org:sachintha/afl_prediction.git
   4df6c91..186a911  master -> master
]0;~/my_stuff/current work/afl_predictionYou have new mail in /var/mail/sachintha
Sachintha-Karunaratnes-MacBook-Pro:afl_prediction sachintha$ 
]0;~/my_stuff/current work/afl_predictionSachintha-Karunaratnes-MacBook-Pro:afl_prediction sachintha$ ksksk[C[K[K[K[KSachintha-Karunaratnes-MacBook-Pro:afl_prediction sachintha$ 
]0;~/my_stuff/current work/afl_predictionYou have new mail in /var/mail/sachintha
Sachintha-Karunaratnes-MacBook-Pro:afl_prediction sachintha$ 
]0;~/my_stuff/current work/afl_predictionSachintha-Karunaratnes-MacBook-Pro:afl_prediction sachintha$ 
]0;~/my_stuff/current work/afl_predictionSachintha-Karunaratnes-MacBook-Pro:afl_prediction sachintha$ 
]0;~/my_stuff/current work/afl_predictionSachintha-Karunaratnes-MacBook-Pro:afl_prediction sachintha$ git sta tus
On branch master
Your branch is up to date with 'origin/master'.

Changes not staged for commit:
  (use "git add/rm <file>..." to update what will be committed)
  (use "git checkout -- <file>..." to discard changes in working directory)

	[31mmodified:   .Rproj.user/3F54B192/console06/C03844D5[m
	[31mmodified:   .Rproj.user/3F54B192/console06/C03844D5.env[m
	[31mmodified:   .Rproj.user/3F54B192/console06/INDEX001[m
	[31mmodified:   .Rproj.user/3F54B192/sources/prop/44FB177A[m
	[31mmodified:   .Rproj.user/3F54B192/sources/prop/9C1C5578[m
	[31mmodified:   .Rproj.user/shared/notebooks/paths[m
	[31mmodified:   data/mismatched_venue_names_2018.csv[m
	[31mmodified:   lib/simulate_tournaments.R[m
	[31mdeleted:    src/main.R[m
	[31mmodified:   src/season_2018_predictions.R[m
	[31mdeleted:    src/simulate_2017_season.R[m

Untracked files:
  (use "git add <file>..." to include in what will be committed)

	[31m.gitignore[m
	[31m2018_premiership_prob_after_9_matches.pdf[m
	[31mcache/afl.2018.AUSEasternStandardTime.RData[m
	[31mcache/afl.2018.AUSEasternStandardTime.hash[m
	[31mcache/ground.names.matching.2018.RData[m
	[31mcache/ground.names.matching.2018.hash[m
	[31mcache/mismatched.venue.names.2018.RData[m
	[31mcache/mismatched.venue.names.2018.hash[m
	[31mpremiership_prob_after_20_matches.pdf[m

no changes added to commit (use "git add" and/or "git commit -a")
]0;~/my_stuff/current work/afl_predictionSachintha-Karunaratnes-MacBook-Pro:afl_prediction sachintha$ git d[Kadd  -u
]0;~/my_stuff/current work/afl_predictionSachintha-Karunaratnes-MacBook-Pro:afl_prediction sachintha$ git com mit -m 'a[Know simulations [K[K[K[K[K[K[K[K[K[K[K[Ktournament simulations supports home field advntage exce l[Kpt for the final series simulation'
[master 6ad1ecf] now tournament simulations supports home field advntage except for the final series simulation
 11 files changed, 101 insertions(+), 201 deletions(-)
 delete mode 100644 src/main.R
 delete mode 100644 src/simulate_2017_season.R
]0;~/my_stuff/current work/afl_predictionSachintha-Karunaratnes-MacBook-Pro:afl_prediction sachintha$ git sta tus
On branch master
Your branch is ahead of 'origin/master' by 1 commit.
  (use "git push" to publish your local commits)

Changes not staged for commit:
  (use "git add <file>..." to update what will be committed)
  (use "git checkout -- <file>..." to discard changes in working directory)

	[31mmodified:   .Rproj.user/3F54B192/console06/C03844D5[m

Untracked files:
  (use "git add <file>..." to include in what will be committed)

	[31m.gitignore[m
	[31m2018_premiership_prob_after_9_matches.pdf[m
	[31mcache/afl.2018.AUSEasternStandardTime.RData[m
	[31mcache/afl.2018.AUSEasternStandardTime.hash[m
	[31mcache/ground.names.matching.2018.RData[m
	[31mcache/ground.names.matching.2018.hash[m
	[31mcache/mismatched.venue.names.2018.RData[m
	[31mcache/mismatched.venue.names.2018.hash[m
	[31mpremiership_prob_after_20_matches.pdf[m

no changes added to commit (use "git add" and/or "git commit -a")
]0;~/my_stuff/current work/afl_predictionSachintha-Karunaratnes-MacBook-Pro:afl_prediction sachintha$ git pus h origin master
Enter passphrase for key '/Users/sachintha/.ssh/id_rsa': 
Counting objects: 21, done.
Delta compression using up to 4 threads.
Compressing objects:   5% (1/19)   Compressing objects:  10% (2/19)   Compressing objects:  15% (3/19)   Compressing objects:  21% (4/19)   Compressing objects:  26% (5/19)   Compressing objects:  31% (6/19)   Compressing objects:  36% (7/19)   Compressing objects:  42% (8/19)   Compressing objects:  47% (9/19)   Compressing objects:  52% (10/19)   Compressing objects:  57% (11/19)   Compressing objects:  63% (12/19)   Compressing objects:  68% (13/19)   Compressing objects:  73% (14/19)   Compressing objects:  78% (15/19)   Compressing objects:  84% (16/19)   Compressing objects:  89% (17/19)   Compressing objects:  94% (18/19)   Compressing objects: 100% (19/19)   Compressing objects: 100% (19/19), done.
Writing objects:   4% (1/21)   Writing objects:   9% (2/21)   Writing objects:  14% (3/21)   Writing objects:  19% (4/21)   Writing objects:  23% (5/21)   Writing objects:  28% (6/21)   Writing objects:  33% (7/21)   Writing objects:  38% (8/21)   Writing objects:  42% (9/21)   Writing objects:  47% (10/21)   Writing objects:  52% (11/21)   Writing objects:  57% (12/21)   Writing objects:  61% (13/21)   Writing objects:  66% (14/21)   Writing objects:  71% (15/21)   Writing objects:  76% (16/21)   Writing objects:  80% (17/21)   Writing objects:  85% (18/21)   Writing objects:  90% (19/21)   Writing objects:  95% (20/21)   Writing objects: 100% (21/21)   Writing objects: 100% (21/21), 2.73 KiB | 233.00 KiB/s, done.
Total 21 (delta 12), reused 0 (delta 0)
To bitbucket.org:sachintha/afl_prediction.git
   186a911..6ad1ecf  master -> master
]0;~/my_stuff/current work/afl_predictionSachintha-Karunaratnes-MacBook-Pro:afl_prediction sachintha$ [KSachintha-Karunaratnes-MacBook-Pro:afl_prediction sachinthaa$ 
]0;~/my_stuff/current work/afl_predictionYou have new mail in /var/mail/sachintha
Sachintha-Karunaratnes-MacBook-Pro:afl_prediction sachinthaa$ 
]0;~/my_stuff/current work/afl_predictionSachintha-Karunaratnes-MacBook-Pro:afl_prediction sachinthaa$ 
]0;~/my_stuff/current work/afl_predictionSachintha-Karunaratnes-MacBook-Pro:afl_prediction sachinthaa$ git status
On branch master
Your branch is up to date with 'origin/master'.

Changes not staged for commit:
  (use "git add/rm <file>..." to update what will be committed)
  (use "git checkout -- <file>..." to discard changes in working directory)

	[31mmodified:   .Rproj.user/3F54B192/console06/C03844D5[m
	[31mmodified:   .Rproj.user/3F54B192/console06/INDEX001[m
	[31mmodified:   .Rproj.user/3F54B192/sources/prop/44FB177A[m
	[31mmodified:   .Rproj.user/3F54B192/sources/prop/9C1C5578[m
	[31mmodified:   .Rproj.user/3F54B192/sources/prop/INDEX[m
	[31mmodified:   .Rproj.user/shared/notebooks/paths[m
	[31mmodified:   data/afl-2018-AUSEasternStandardTime.csv[m
	[31mmodified:   lib/simulate_tournaments.R[m
	[31mdeleted:    munge/01-A.R[m
	[31mmodified:   src/season_2018_predictions.R[m

Untracked files:
  (use "git add <file>..." to include in what will be committed)

	[31m.gitignore[m
	[31m2018_premiership_prob_after_9_matches.pdf[m
	[31mcache/afl.2018.AUSEasternStandardTime.RData[m
	[31mcache/afl.2018.AUSEasternStandardTime.hash[m
	[31mcache/mismatched.venue.names.2018.RData[m
	[31mcache/mismatched.venue.names.2018.hash[m
	[31mmunge/01-load_past_results_and_schedules.R[m
	[31mmunge/02-populate_home_grounds.R[m
	[31mpremiership_prob_after_20_matches.pdf[m

no changes added to commit (use "git add" and/or "git commit -a")
]0;~/my_stuff/current work/afl_predictionSachintha-Karunaratnes-MacBook-Pro:afl_prediction sachinthaa$ git add -u
]0;~/my_stuff/current work/afl_predictionSachintha-Karunaratnes-MacBook-Pro:afl_prediction sachinthaa$ git add  munge/01-load_past_results_and_schedules.R
]0;~/my_stuff/current work/afl_predictionSachintha-Karunaratnes-MacBook-Pro:afl_prediction sachinthaa$ git add munge/02-populate_home_grounds.R
]0;~/my_stuff/current work/afl_predictionSachintha-Karunaratnes-MacBook-Pro:afl_prediction sachinthaa$ git status
On branch master
Your branch is up to date with 'origin/master'.

Changes to be committed:
  (use "git reset HEAD <file>..." to unstage)

	[32mmodified:   .Rproj.user/3F54B192/console06/C03844D5[m
	[32mmodified:   .Rproj.user/3F54B192/console06/INDEX001[m
	[32mmodified:   .Rproj.user/3F54B192/sources/prop/44FB177A[m
	[32mmodified:   .Rproj.user/3F54B192/sources/prop/9C1C5578[m
	[32mmodified:   .Rproj.user/3F54B192/sources/prop/INDEX[m
	[32mmodified:   .Rproj.user/shared/notebooks/paths[m
	[32mmodified:   data/afl-2018-AUSEasternStandardTime.csv[m
	[32mmodified:   lib/simulate_tournaments.R[m
	[32mrenamed:    munge/01-A.R -> munge/01-load_past_results_and_schedules.R[m
	[32mnew file:   munge/02-populate_home_grounds.R[m
	[32mmodified:   src/season_2018_predictions.R[m

Changes not staged for commit:
  (use "git add <file>..." to update what will be committed)
  (use "git checkout -- <file>..." to discard changes in working directory)

	[31mmodified:   .Rproj.user/3F54B192/console06/C03844D5[m

Untracked files:
  (use "git add <file>..." to include in what will be committed)

	[31m.gitignore[m
	[31m2018_premiership_prob_after_9_matches.pdf[m
	[31mcache/afl.2018.AUSEasternStandardTime.RData[m
	[31mcache/afl.2018.AUSEasternStandardTime.hash[m
	[31mcache/mismatched.venue.names.2018.RData[m
	[31mcache/mismatched.venue.names.2018.hash[m
	[31mpremiership_prob_after_20_matches.pdf[m

]0;~/my_stuff/current work/afl_predictionSachintha-Karunaratnes-MacBook-Pro:afl_prediction sachinthaa$ git commit -m 'added home field advantag [Ke stuff [Kt[K to the  final s[K[K[Kls series'
[master 16b7373] added home field advantage stuff to the finals series
 11 files changed, 262 insertions(+), 141 deletions(-)
 rename munge/{01-A.R => 01-load_past_results_and_schedules.R} (100%)
 create mode 100644 munge/02-populate_home_grounds.R
]0;~/my_stuff/current work/afl_predictionSachintha-Karunaratnes-MacBook-Pro:afl_prediction sachinthaa$ git push rig[K[K[Korigin master
Enter passphrase for key '/Users/sachintha/.ssh/id_rsa': 
Counting objects: 23, done.
Delta compression using up to 4 threads.
Compressing objects:   4% (1/21)   Compressing objects:   9% (2/21)   Compressing objects:  14% (3/21)   Compressing objects:  19% (4/21)   Compressing objects:  23% (5/21)   Compressing objects:  28% (6/21)   Compressing objects:  33% (7/21)   Compressing objects:  38% (8/21)   Compressing objects:  42% (9/21)   Compressing objects:  47% (10/21)   Compressing objects:  52% (11/21)   Compressing objects:  57% (12/21)   Compressing objects:  61% (13/21)   Compressing objects:  66% (14/21)   Compressing objects:  71% (15/21)   Compressing objects:  76% (16/21)   Compressing objects:  80% (17/21)   Compressing objects:  85% (18/21)   Compressing objects:  90% (19/21)   Compressing objects:  95% (20/21)   Compressing objects: 100% (21/21)   Compressing objects: 100% (21/21), done.
Writing objects:   4% (1/23)   Writing objects:   8% (2/23)   Writing objects:  13% (3/23)   Writing objects:  17% (4/23)   Writing objects:  21% (5/23)   Writing objects:  26% (6/23)   Writing objects:  30% (7/23)   Writing objects:  34% (8/23)   Writing objects:  39% (9/23)   Writing objects:  43% (10/23)   Writing objects:  47% (11/23)   Writing objects:  52% (12/23)   Writing objects:  56% (13/23)   Writing objects:  60% (14/23)   Writing objects:  65% (15/23)   Writing objects:  69% (16/23)   Writing objects:  73% (17/23)   Writing objects:  78% (18/23)   Writing objects:  82% (19/23)   Writing objects:  86% (20/23)   Writing objects:  91% (21/23)   Writing objects:  95% (22/23)   Writing objects: 100% (23/23)   Writing objects: 100% (23/23), 3.95 KiB | 101.00 KiB/s, done.
Total 23 (delta 12), reused 0 (delta 0)
To bitbucket.org:sachintha/afl_prediction.git
   6ad1ecf..16b7373  master -> master
[K[ASachintha-Karunaratnes-MacBook-Pro:afl_prediction sachintha$ 
]0;~/my_stuff/current work/afl_predictionYou have new mail in /var/mail/sachintha
Sachintha-Karunaratnes-MacBook-Pro:afl_prediction sachintha$ 
]0;~/my_stuff/current work/afl_predictionSachintha-Karunaratnes-MacBook-Pro:afl_prediction sachintha$ 
]0;~/my_stuff/current work/afl_predictionSachintha-Karunaratnes-MacBook-Pro:afl_prediction sachintha$ git status
On branch master
Your branch is up to date with 'origin/master'.

Changes not staged for commit:
  (use "git add <file>..." to update what will be committed)
  (use "git checkout -- <file>..." to discard changes in working directory)

	[31mmodified:   .Rproj.user/3F54B192/console06/C03844D5[m
	[31mmodified:   .Rproj.user/3F54B192/console06/INDEX001[m
	[31mmodified:   .Rproj.user/3F54B192/sources/prop/9C1C5578[m
	[31mmodified:   .Rproj.user/3F54B192/sources/prop/INDEX[m
	[31mmodified:   .Rproj.user/shared/notebooks/paths[m
	[31mmodified:   data/afl-2018-AUSEasternStandardTime.csv[m
	[31mmodified:   lib/elo_functions.R[m
	[31mmodified:   src/season_2018_predictions.R[m

Untracked files:
  (use "git add <file>..." to include in what will be committed)

	[31m.gitignore[m
	[31m2018_premiership_prob_after_18_matches.pdf[m
	[31m2018_premiership_prob_after_9_matches.pdf[m
	[31mcache/afl.2018.AUSEasternStandardTime.RData[m
	[31mcache/afl.2018.AUSEasternStandardTime.hash[m
	[31mcache/mismatched.venue.names.2018.RData[m
	[31mcache/mismatched.venue.names.2018.hash[m
	[31mparameter_tuning.R[m
	[31mpremiership_prob_after_20_matches.pdf[m

no changes added to commit (use "git add" and/or "git commit -a")
]0;~/my_stuff/current work/afl_predictionSachintha-Karunaratnes-MacBook-Pro:afl_prediction sachintha$ git add -u