

Untracked files:
  (use "git add <file>..." to include in what will be committed)

	[31m.gitignore[m
	[31m2018_premiership_prob_after_18_matches.pdf[m
	[31m2018_premiership_prob_after_9_matches.pdf[m
	[31mcache/afl.2018.AUSEasternStandardTime.RData[m
	[31mcache/afl.2018.AUSEasternStandardTime.hash[m
	[31mcache/mismatched.venue.names.2018.RData[m
	[31mcache/mismatched.venue.names.2018.hash[m
	[31mpremiership_prob_after_20_matches.pdf[m
	[31msrc/retro_score_weighted_expert_tips.R[m

]0;~/my_stuff/current work/afl_predictionSachintha-Karunaratnes-MacBook-Pro:afl_prediction sachintha$ git commit -m 'wrote scrip s[Kts o[Kto scrape expert dat[K[K[Ktis[Kps from herals[Kd sun'
[master 2e86f24] wrote scripts to scrape expert tips from herald sun
 12 files changed, 179 insertions(+), 11 deletions(-)
 create mode 100644 data/expert_tips_2018_Round_1.RDS
 create mode 100644 data/expert_tips_2018_Round_2.RDS
 create mode 100644 data/expert_tips_2018_Round_3.RDS
 create mode 100644 data/expert_tips_2018_Round_4.RDS
 create mode 100644 data/expert_tips_2018_Round_5.RDS
 create mode 100644 data/param_grid.rds
 create mode 100644 lib/expert_tips_download_helper.R
 create mode 100644 lib/scrape_expert_tips.R
 create mode 100644 munge/03-load_parameter_tuning_results.R
 create mode 100644 munge/04-load_expert_tips.R
 create mode 100644 src/download_expert_tips_run_script.R
]0;~/my_stuff/current work/afl_predictionSachintha-Karunaratnes-MacBook-Pro:afl_prediction sachintha$ git push origin [K[K[K[K[K[K[K[K[K[K[K[K[K[K[K[Kgit branch
* [32mmaster[m
]0;~/my_stuff/current work/afl_predictionSachintha-Karunaratnes-MacBook-Pro:afl_prediction sachintha$ git push origin mastr[Ker
Enter passphrase for key '/Users/sachintha/.ssh/id_rsa': 
Counting objects: 40, done.
Delta compression using up to 4 threads.
Compressing objects:   2% (1/38)   Compressing objects:   5% (2/38)   Compressing objects:   7% (3/38)   Compressing objects:  10% (4/38)   Compressing objects:  13% (5/38)   Compressing objects:  15% (6/38)   Compressing objects:  18% (7/38)   Compressing objects:  21% (8/38)   Compressing objects:  23% (9/38)   Compressing objects:  26% (10/38)   Compressing objects:  28% (11/38)   Compressing objects:  31% (12/38)   Compressing objects:  34% (13/38)   Compressing objects:  36% (14/38)   Compressing objects:  39% (15/38)   Compressing objects:  42% (16/38)   Compressing objects:  44% (17/38)   Compressing objects:  47% (18/38)   Compressing objects:  50% (19/38)   Compressing objects:  52% (20/38)   Compressing objects:  55% (21/38)   Compressing objects:  57% (22/38)   Compressing objects:  60% (23/38)   Compressing objects:  63% (24/38)   Compressing objects:  65% (25/38)   Compressing objects:  68% (26/38)   Compressing objects:  71% (27/38)   Compressing objects:  73% (28/38)   Compressing objects:  76% (29/38)   Compressing objects:  78% (30/38)   Compressing objects:  81% (31/38)   Compressing objects:  84% (32/38)   Compressing objects:  86% (33/38)   Compressing objects:  89% (34/38)   Compressing objects:  92% (35/38)   Compressing objects:  94% (36/38)   Compressing objects:  97% (37/38)   Compressing objects: 100% (38/38)   Compressing objects: 100% (38/38), done.
Writing objects:   2% (1/40)   Writing objects:   5% (2/40)   Writing objects:   7% (3/40)   Writing objects:  10% (4/40)   Writing objects:  12% (5/40)   Writing objects:  15% (6/40)   Writing objects:  17% (7/40)   Writing objects:  20% (8/40)   Writing objects:  22% (9/40)   Writing objects:  25% (10/40)   Writing objects:  27% (11/40)   Writing objects:  30% (12/40)   Writing objects:  32% (13/40)   Writing objects:  35% (14/40)   Writing objects:  37% (15/40)   Writing objects:  40% (16/40)   Writing objects:  42% (17/40)   Writing objects:  45% (18/40)   Writing objects:  47% (19/40)   Writing objects:  50% (20/40)   Writing objects:  52% (21/40)   Writing objects:  55% (22/40)   Writing objects:  57% (23/40)   Writing objects:  60% (24/40)   Writing objects:  62% (25/40)   Writing objects:  65% (26/40)   Writing objects:  70% (28/40)   Writing objects:  72% (29/40)   Writing objects:  75% (30/40)   Writing objects:  77% (31/40)   Writing objects:  80% (32/40)   Writing objects:  82% (33/40)   Writing objects:  85% (34/40)   Writing objects:  87% (35/40)   Writing objects:  90% (36/40)   Writing objects:  92% (37/40)   Writing objects:  95% (38/40)   Writing objects:  97% (39/40)   Writing objects: 100% (40/40)   Writing objects: 100% (40/40), 24.05 KiB | 417.00 KiB/s, done.
Total 40 (delta 18), reused 0 (delta 0)
To bitbucket.org:sachintha/afl_prediction.git
   16b7373..2e86f24  master -> master
]0;~/my_stuff/current work/afl_predictionSachintha-Karunaratnes-MacBook-Pro:afl_prediction sachintha$ 
]0;~/my_stuff/current work/afl_predictionYou have new mail in /var/mail/sachintha
Sachintha-Karunaratnes-MacBook-Pro:afl_prediction sachintha$ 
]0;~/my_stuff/current work/afl_predictionSachintha-Karunaratnes-MacBook-Pro:afl_prediction sachintha$ 
]0;~/my_stuff/current work/afl_predictionSachintha-Karunaratnes-MacBook-Pro:afl_prediction sachintha$ git status
On branch master
Your branch is up to date with 'origin/master'.

Changes not staged for commit:
  (use "git add <file>..." to update what will be committed)
  (use "git checkout -- <file>..." to discard changes in working directory)

	[31mmodified:   .Rproj.user/3F54B192/console06/C03844D5[m
	[31mmodified:   .Rproj.user/3F54B192/console06/C03844D5.env[m
	[31mmodified:   .Rproj.user/3F54B192/console06/INDEX001[m
	[31mmodified:   .Rproj.user/3F54B192/sources/prop/9C1C5578[m
	[31mmodified:   .Rproj.user/3F54B192/sources/prop/A2FD72A7[m
	[31mmodified:   .Rproj.user/3F54B192/sources/prop/INDEX[m
	[31mmodified:   .Rproj.user/shared/notebooks/paths[m
	[31mmodified:   data/afl-2018-AUSEasternStandardTime.csv[m
	[31mmodified:   lib/elo_functions.R[m
	[31mmodified:   munge/04-load_expert_tips.R[m
	[31mmodified:   src/parameter_tuning.R[m
	[31mmodified:   src/season_2018_predictions.R[m

Untracked files:
  (use "git add <file>..." to include in what will be committed)

	[31m.gitignore[m
	[31m2018_premiership_prob_after_18_matches.pdf[m
	[31m2018_premiership_prob_after_9_matches.pdf[m
	[31mcache/afl.2018.AUSEasternStandardTime.RData[m
	[31mcache/afl.2018.AUSEasternStandardTime.hash[m
	[31mcache/mismatched.venue.names.2018.RData[m
	[31mcache/mismatched.venue.names.2018.hash[m
	[31mdata/retro_score_ensemble_logistic.RDS[m
	[31mdata/retro_score_simple_elo.RDS[m
	[31mdata/retro_score_weighted_expert_tips.RDS[m
	[31mmunge/05-load_retro_scores.R[m
	[31mpremiership_prob_after_20_matches.pdf[m
	[31mprofiling/compare_models_historical_head_to_head.R[m
	[31msrc/restro_score_simple_elo.R[m
	[31msrc/retro_score_ensemble_logistic.R[m
	[31msrc/retro_score_weighted_expert_tips.R[m

no changes added to commit (use "git add" and/or "git commit -a")
]0;~/my_stuff/current work/afl_predictionSachintha-Karunaratnes-MacBook-Pro:afl_prediction sachintha$ git add retro[K[K[K[K[Ksrc/retro_score_*
]0;~/my_stuff/current work/afl_predictionSachintha-Karunaratnes-MacBook-Pro:afl_prediction sachintha$ git add profiling/compare_mmodels_historical_head_to_head.R 
]0;~/my_stuff/current work/afl_predictionSachintha-Karunaratnes-MacBook-Pro:afl_prediction sachintha$ git add munge/05-load_retroo_scores.R 
]0;~/my_stuff/current work/afl_predictionSachintha-Karunaratnes-MacBook-Pro:afl_prediction sachintha$ git add ret[K[K[Kdata/retro_score_* .RDS
]0;~/my_stuff/current work/afl_predictionSachintha-Karunaratnes-MacBook-Pro:afl_prediction sachintha$ git status
On branch master
Your branch is up to date with 'origin/master'.

Changes to be committed:
  (use "git reset HEAD <file>..." to unstage)

	[32mnew file:   data/retro_score_ensemble_logistic.RDS[m
	[32mnew file:   data/retro_score_simple_elo.RDS[m
	[32mnew file:   data/retro_score_weighted_expert_tips.RDS[m
	[32mnew file:   munge/05-load_retro_scores.R[m
	[32mnew file:   profiling/compare_models_historical_head_to_head.R[m
	[32mnew file:   src/retro_score_ensemble_logistic.R[m
	[32mnew file:   src/retro_score_weighted_expert_tips.R[m

Changes not staged for commit:
  (use "git add <file>..." to update what will be committed)
  (use "git checkout -- <file>..." to discard changes in working directory)

	[31mmodified:   .Rproj.user/3F54B192/console06/C03844D5[m
	[31mmodified:   .Rproj.user/3F54B192/console06/C03844D5.env[m
	[31mmodified:   .Rproj.user/3F54B192/console06/INDEX001[m
	[31mmodified:   .Rproj.user/3F54B192/sources/prop/9C1C5578[m
	[31mmodified:   .Rproj.user/3F54B192/sources/prop/A2FD72A7[m
	[31mmodified:   .Rproj.user/3F54B192/sources/prop/INDEX[m
	[31mmodified:   .Rproj.user/shared/notebooks/paths[m
	[31mmodified:   data/afl-2018-AUSEasternStandardTime.csv[m
	[31mmodified:   lib/elo_functions.R[m
	[31mmodified:   munge/04-load_expert_tips.R[m
	[31mmodified:   src/parameter_tuning.R[m
	[31mmodified:   src/season_2018_predictions.R[m

Untracked files:
  (use "git add <file>..." to include in what will be committed)

	[31m.gitignore[m
	[31m2018_premiership_prob_after_18_matches.pdf[m
	[31m2018_premiership_prob_after_9_matches.pdf[m
	[31mcache/afl.2018.AUSEasternStandardTime.RData[m
	[31mcache/afl.2018.AUSEasternStandardTime.hash[m
	[31mcache/mismatched.venue.names.2018.RData[m
	[31mcache/mismatched.venue.names.2018.hash[m
	[31mpremiership_prob_after_20_matches.pdf[m
	[31msrc/restro_score_simple_elo.R[m

]0;~/my_stuff/current work/afl_predictionSachintha-Karunaratnes-MacBook-Pro:afl_prediction sachintha$ git status
On branch master
Your branch is up to date with 'origin/master'.

Changes to be committed:
  (use "git reset HEAD <file>..." to unstage)

	[32mnew file:   data/retro_score_ensemble_logistic.RDS[m
	[32mnew file:   data/retro_score_simple_elo.RDS[m
	[32mnew file:   data/retro_score_weighted_expert_tips.RDS[m
	[32mnew file:   munge/05-load_retro_scores.R[m
	[32mnew file:   profiling/compare_models_historical_head_to_head.R[m
	[32mnew file:   src/retro_score_ensemble_logistic.R[m
	[32mnew file:   src/retro_score_weighted_expert_tips.R[m

Changes not staged for commit:
  (use "git add <file>..." to update what will be committed)
  (use "git checkout -- <file>..." to discard changes in working directory)

	[31mmodified:   .Rproj.user/3F54B192/console06/C03844D5[m
	[31mmodified:   .Rproj.user/3F54B192/console06/C03844D5.env[m
	[31mmodified:   .Rproj.user/3F54B192/console06/INDEX001[m
	[31mmodified:   .Rproj.user/3F54B192/sources/prop/9C1C5578[m
	[31mmodified:   .Rproj.user/3F54B192/sources/prop/A2FD72A7[m
	[31mmodified:   .Rproj.user/3F54B192/sources/prop/INDEX[m
	[31mmodified:   .Rproj.user/shared/notebooks/paths[m
	[31mmodified:   data/afl-2018-AUSEasternStandardTime.csv[m
	[31mmodified:   lib/elo_functions.R[m
	[31mmodified:   munge/04-load_expert_tips.R[m
	[31mmodified:   src/parameter_tuning.R[m
	[31mmodified:   src/season_2018_predictions.R[m

Untracked files:
  (use "git add <file>..." to include in what will be committed)

	[31m.gitignore[m
	[31m2018_premiership_prob_after_18_matches.pdf[m
	[31m2018_premiership_prob_after_9_matches.pdf[m
	[31mcache/afl.2018.AUSEasternStandardTime.RData[m
	[31mcache/afl.2018.AUSEasternStandardTime.hash[m
	[31mcache/mismatched.venue.names.2018.RData[m
	[31mcache/mismatched.venue.names.2018.hash[m
	[31mpremiership_prob_after_20_matches.pdf[m
	[31msrc/retro_score_simple_elo.R[m

]0;~/my_stuff/current work/afl_predictionSachintha-Karunaratnes-MacBook-Pro:afl_prediction sachintha$ git add src/retro_score_si mple_elo.R 
]0;~/my_stuff/current work/afl_predictionSachintha-Karunaratnes-MacBook-Pro:afl_prediction sachintha$ git status
On branch master
Your branch is up to date with 'origin/master'.

Changes to be committed:
  (use "git reset HEAD <file>..." to unstage)

	[32mnew file:   data/retro_score_ensemble_logistic.RDS[m
	[32mnew file:   data/retro_score_simple_elo.RDS[m
	[32mnew file:   data/retro_score_weighted_expert_tips.RDS[m
	[32mnew file:   munge/05-load_retro_scores.R[m
	[32mnew file:   profiling/compare_models_historical_head_to_head.R[m
	[32mnew file:   src/retro_score_ensemble_logistic.R[m
	[32mnew file:   src/retro_score_simple_elo.R[m
	[32mnew file:   src/retro_score_weighted_expert_tips.R[m

Changes not staged for commit:
  (use "git add <file>..." to update what will be committed)
  (use "git checkout -- <file>..." to discard changes in working directory)

	[31mmodified:   .Rproj.user/3F54B192/console06/C03844D5[m
	[31mmodified:   .Rproj.user/3F54B192/console06/C03844D5.env[m
	[31mmodified:   .Rproj.user/3F54B192/console06/INDEX001[m
	[31mmodified:   .Rproj.user/3F54B192/sources/prop/9C1C5578[m
	[31mmodified:   .Rproj.user/3F54B192/sources/prop/A2FD72A7[m
	[31mmodified:   .Rproj.user/3F54B192/sources/prop/INDEX[m
	[31mmodified:   .Rproj.user/shared/notebooks/paths[m
	[31mmodified:   data/afl-2018-AUSEasternStandardTime.csv[m
	[31mmodified:   lib/elo_functions.R[m
	[31mmodified:   munge/04-load_expert_tips.R[m
	[31mmodified:   src/parameter_tuning.R[m
	[31mmodified:   src/season_2018_predictions.R[m

Untracked files:
  (use "git add <file>..." to include in what will be committed)

	[31m.gitignore[m
	[31m2018_premiership_prob_after_18_matches.pdf[m
	[31m2018_premiership_prob_after_9_matches.pdf[m
	[31mcache/afl.2018.AUSEasternStandardTime.RData[m
	[31mcache/afl.2018.AUSEasternStandardTime.hash[m
	[31mcache/mismatched.venue.names.2018.RData[m
	[31mcache/mismatched.venue.names.2018.hash[m
	[31mpremiership_prob_after_20_matches.pdf[m

]0;~/my_stuff/current work/afl_predictionSachintha-Karunaratnes-MacBook-Pro:afl_prediction sachintha$ git commit -m 'added funca [A[C[C[C[C[C[C[C[C[C[C[C[C[C[C[C[C[C[C[C[C[C[C[C[C[C[C[C[C[C[C[C[C[C[C[C[C[C[C[C[C[C[C[C[C[C[C[C[C[C[C[C[C[C[C[C[C[C[C[C[C[C[C[C[C[C[C[C[C[C[C[C[C[C[C[C[C[C[C[C[C[C[C[C[C[C[C[K
[K[A[C[C[C[C[C[C[C[C[C[C[C[C[C[C[C[C[C[C[C[C[C[C[C[C[C[C[C[C[C[C[C[C[C[C[C[C[C[C[C[C[C[C[C[C[C[C[C[C[C[C[C[C[C[C[C[C[C[C[C[C[C[C[C[C[C[C[C[C[C[C[C[C[C[C[C[C[C[C[C[C[C[C[C[C[C[C[Kct ionality to score [K[K[K[K[K[Kcompare multiple models. added an ensemble model using logistic regression' [A[C[C[C[C[C[C[C[C[C[C[C[C[C[C[C[C[C[C[C[C[C[C[C[C[C[C[C[C[C[C[C[C[C[C[C[C[C[C[C[C[C[C[C[C[C[C[C[C[C[C[C[C[C[C[C[C[C[C[C[C[C[C[C[C[C[C[C[C[C[C[C[C[C[C[C[C[C[C[C[C[C[C[C[C[C[C[K'
[master 05baba6] added functionality to compare multiple models. added an ensemble model using logistic regression
 8 files changed, 207 insertions(+)
 create mode 100644 data/retro_score_ensemble_logistic.RDS
 create mode 100644 data/retro_score_simple_elo.RDS
 create mode 100644 data/retro_score_weighted_expert_tips.RDS
 create mode 100644 munge/05-load_retro_scores.R
 create mode 100644 profiling/compare_models_historical_head_to_head.R
 create mode 100644 src/retro_score_ensemble_logistic.R
 create mode 100644 src/retro_score_simple_elo.R
 create mode 100644 src/retro_score_weighted_expert_tips.R
]0;~/my_stuff/current work/afl_predictionSachintha-Karunaratnes-MacBook-Pro:afl_prediction sachintha$ git push origin master
Enter passphrase for key '/Users/sachintha/.ssh/id_rsa': 
Enter passphrase for key '/Users/sachintha/.ssh/id_rsa': 
Counting objects: 14, done.
Delta compression using up to 4 threads.
Compressing objects:   7% (1/14)   Compressing objects:  14% (2/14)   Compressing objects:  21% (3/14)   Compressing objects:  28% (4/14)   Compressing objects:  35% (5/14)   Compressing objects:  42% (6/14)   Compressing objects:  50% (7/14)   Compressing objects:  57% (8/14)   Compressing objects:  64% (9/14)   Compressing objects:  71% (10/14)   Compressing objects:  78% (11/14)   Compressing objects:  85% (12/14)   Compressing objects:  92% (13/14)   Compressing objects: 100% (14/14)   Compressing objects: 100% (14/14), done.
Writing objects:   7% (1/14)   Writing objects:  14% (2/14)   Writing objects:  21% (3/14)   Writing objects:  28% (4/14)   Writing objects:  35% (5/14)   Writing objects:  42% (6/14)   Writing objects:  50% (7/14)   Writing objects:  57% (8/14)   Writing objects:  64% (9/14)   Writing objects:  71% (10/14)   Writing objects:  78% (11/14)   Writing objects:  85% (12/14)   Writing objects:  92% (13/14)   Writing objects: 100% (14/14)   Writing objects: 100% (14/14), 6.61 KiB | 211.00 KiB/s, done.
Total 14 (delta 3), reused 0 (delta 0)
To bitbucket.org:sachintha/afl_prediction.git
   2e86f24..05baba6  master -> master
]0;~/my_stuff/current work/afl_predictionSachintha-Karunaratnes-MacBook-Pro:afl_prediction sachintha$ [KSachintha-Karunaratnes-MacBook-Pro:afl_prediction sachintha$ 
]0;~/my_stuff/current work/afl_predictionYou have new mail in /var/mail/sachintha
Sachintha-Karunaratnes-MacBook-Pro:afl_prediction sachintha$ 
]0;~/my_stuff/current work/afl_predictionSachintha-Karunaratnes-MacBook-Pro:afl_prediction sachintha$ 
]0;~/my_stuff/current work/afl_predictionSachintha-Karunaratnes-MacBook-Pro:afl_prediction sachintha$ 
]0;~/my_stuff/current work/afl_predictionSachintha-Karunaratnes-MacBook-Pro:afl_prediction sachintha$ git status[K[K[K[K[K[K[K[K[K[Kgit a[K[K status
On branch master
Your branch is up to date with 'origin/master'.

Changes not staged for commit:
  (use "git add <file>..." to update what will be committed)
  (use "git checkout -- <file>..." to discard changes in working directory)

	[31mmodified:   .Rproj.user/3F54B192/console06/C03844D5[m
	[31mmodified:   .Rproj.user/3F54B192/console06/C03844D5.env[m
	[31mmodified:   .Rproj.user/3F54B192/console06/INDEX001[m
	[31mmodified:   .Rproj.user/3F54B192/sources/prop/9C1C5578[m
	[31mmodified:   .Rproj.user/3F54B192/sources/prop/A2FD72A7[m
	[31mmodified:   .Rproj.user/3F54B192/sources/prop/INDEX[m
	[31mmodified:   .Rproj.user/shared/notebooks/paths[m
	[31mmodified:   data/afl-2018-AUSEasternStandardTime.csv[m
	[31mmodified:   data/retro_score_weighted_expert_tips.RDS[m
	[31mmodified:   lib/elo_functions.R[m
	[31mmodified:   lib/simple_point_spread_regression.R[m
	[31mmodified:   munge/04-load_expert_tips.R[m
	[31mmodified:   profiling/compare_models_historical_head_to_head.R[m
	[31mmodified:   src/download_expert_tips_run_script.R[m
	[31mmodified:   src/parameter_tuning.R[m
	[31mmodified:   src/retro_score_weighted_expert_tips.R[m
	[31mmodified:   src/season_2018_predictions.R[m

Untracked files:
  (use "git add <file>..." to include in what will be committed)

	[31m.gitignore[m
	[31m2018_premiership_prob_after_18_matches.pdf[m
	[31m2018_premiership_prob_after_9_matches.pdf[m
	[31mcache/afl.2018.AUSEasternStandardTime.RData[m
	[31mcache/afl.2018.AUSEasternStandardTime.hash[m
	[31mcache/mismatched.venue.names.2018.RData[m
	[31mcache/mismatched.venue.names.2018.hash[m
	[31mdata/expert_tips_2018_Round_6.RDS[m
	[31mdata/retro_score_ensemble_bayesian.RDS[m
	[31mpremiership_prob_after_20_matches.pdf[m
	[31msrc/bayesian_ensemble_fit.rds[m
	[31msrc/bayesian_ensemble_fit.stan[m
	[31msrc/retro_score_ensemble_bayesian.R[m
	[31msrc/simulate_2018_season.R[m

no changes added to commit (use "git add" and/or "git commit -a")
]0;~/my_stuff/current work/afl_predictionSachintha-Karunaratnes-MacBook-Pro:afl_prediction sachintha$ git add src/simulate_2018_season.R
]0;~/my_stuff/current work/afl_predictionSachintha-Karunaratnes-MacBook-Pro:afl_prediction sachintha$ git add src/simulate_2018_season.R[K[K[K[K[K[K[K[K[K[K[K[K[K[K[K[K[K[K[K[K[K[Kretro_score_
retro_score_ensemble_bayesian.R     retro_score_simple_elo.R            
retro_score_ensemble_logistic.R     retro_score_weighted_expert_tips.R  
Sachintha-Karunaratnes-MacBook-Pro:afl_prediction sachintha$ git add src/retro_score_*.R
]0;~/my_stuff/current work/afl_predictionSachintha-Karunaratnes-MacBook-Pro:afl_prediction sachintha$ gi [Kt add src/bayesian_ensemble_fit.stan 
]0;~/my_stuff/current work/afl_predictionSachintha-Karunaratnes-MacBook-Pro:afl_prediction sachintha$ git add data/expert_tips_2018_Round_6.RDS 
]0;~/my_stuff/current work/afl_predictionSachintha-Karunaratnes-MacBook-Pro:afl_prediction sachintha$ git add data/retro_score_ensemble_bayesian.RDS
]0;~/my_stuff/current work/afl_predictionSachintha-Karunaratnes-MacBook-Pro:afl_prediction sachintha$ git status
On branch master
Your branch is up to date with 'origin/master'.

Changes to be committed:
  (use "git reset HEAD <file>..." to unstage)

	[32mnew file:   data/expert_tips_2018_Round_6.RDS[m
	[32mnew file:   data/retro_score_ensemble_bayesian.RDS[m
	[32mnew file:   src/bayesian_ensemble_fit.stan[m
	[32mnew file:   src/retro_score_ensemble_bayesian.R[m
	[32mmodified:   src/retro_score_weighted_expert_tips.R[m
	[32mnew file:   src/simulate_2018_season.R[m

Changes not staged for commit:
  (use "git add <file>..." to update what will be committed)
  (use "git checkout -- <file>..." to discard changes in working directory)

	[31mmodified:   .Rproj.user/3F54B192/console06/C03844D5[m
	[31mmodified:   .Rproj.user/3F54B192/console06/C03844D5.env[m
	[31mmodified:   .Rproj.user/3F54B192/console06/INDEX001[m
	[31mmodified:   .Rproj.user/3F54B192/sources/prop/9C1C5578[m
	[31mmodified:   .Rproj.user/3F54B192/sources/prop/A2FD72A7[m
	[31mmodified:   .Rproj.user/3F54B192/sources/prop/INDEX[m
	[31mmodified:   .Rproj.user/shared/notebooks/paths[m
	[31mmodified:   data/afl-2018-AUSEasternStandardTime.csv[m
	[31mmodified:   data/retro_score_weighted_expert_tips.RDS[m
	[31mmodified:   lib/elo_functions.R[m
	[31mmodified:   lib/simple_point_spread_regression.R[m
	[31mmodified:   munge/04-load_expert_tips.R[m
	[31mmodified:   profiling/compare_models_historical_head_to_head.R[m
	[31mmodified:   src/download_expert_tips_run_script.R[m
	[31mmodified:   src/parameter_tuning.R[m
	[31mmodified:   src/season_2018_predictions.R[m

Untracked files:
  (use "git add <file>..." to include in what will be committed)

	[31m.gitignore[m
	[31m2018_premiership_prob_after_18_matches.pdf[m
	[31m2018_premiership_prob_after_9_matches.pdf[m
	[31mcache/afl.2018.AUSEasternStandardTime.RData[m
	[31mcache/afl.2018.AUSEasternStandardTime.hash[m
	[31mcache/mismatched.venue.names.2018.RData[m
	[31mcache/mismatched.venue.names.2018.hash[m
	[31mpremiership_prob_after_20_matches.pdf[m
	[31msrc/bayesian_ensemble_fit.rds[m

]0;~/my_stuff/current work/afl_predictionSachintha-Karunaratnes-MacBook-Pro:afl_prediction sachintha$ git ci[Kommit -m 'added bayesian ensembling. fixd[Ked s ome bugs. aded[K[Kded round 6 predictions. refactored code. added[K[K[K[K[Kmain[K[K[K[K2018 predc[Kiction script now predicts for multiple methods '
[master 3459f04] added bayesian ensembling. fixed some bugs. added round 6 predictions. refactored code. 2018 prediction script now predicts for multiple methods
 6 files changed, 180 insertions(+), 2 deletions(-)
 create mode 100644 data/expert_tips_2018_Round_6.RDS
 create mode 100644 data/retro_score_ensemble_bayesian.RDS
 create mode 100644 src/bayesian_ensemble_fit.stan
 create mode 100644 src/retro_score_ensemble_bayesian.R
 create mode 100644 src/simulate_2018_season.R
]0;~/my_stuff/current work/afl_predictionSachintha-Karunaratnes-MacBook-Pro:afl_prediction sachintha$ git push origin master
Enter passphrase for key '/Users/sachintha/.ssh/id_rsa': 
Counting objects: 10, done.
Delta compression using up to 4 threads.
Compressing objects:  10% (1/10)   Compressing objects:  20% (2/10)   Compressing objects:  30% (3/10)   Compressing objects:  40% (4/10)   Compressing objects:  50% (5/10)   Compressing objects:  60% (6/10)   Compressing objects:  70% (7/10)   Compressing objects:  80% (8/10)   Compressing objects:  90% (9/10)   Compressing objects: 100% (10/10)   Compressing objects: 100% (10/10), done.
Writing objects:  10% (1/10)   Writing objects:  20% (2/10)   Writing objects:  30% (3/10)   Writing objects:  40% (4/10)   Writing objects:  50% (5/10)   Writing objects:  60% (6/10)   Writing objects:  70% (7/10)   Writing objects:  80% (8/10)   Writing objects:  90% (9/10)   Writing objects: 100% (10/10)   Writing objects: 100% (10/10), 4.96 KiB | 2.48 MiB/s, done.
Total 10 (delta 4), reused 0 (delta 0)
To bitbucket.org:sachintha/afl_prediction.git
   05baba6..3459f04  master -> master
[KSachintha-Karunaratnes-MacBook-Pro:afl_prediction sachintha$ 
]0;~/my_stuff/current work/afl_predictionSachintha-Karunaratnes-MacBook-Pro:afl_prediction sachintha$ 
]0;~/my_stuff/current work/afl_predictionSachintha-Karunaratnes-MacBook-Pro:afl_prediction sachintha$ 
]0;~/my_stuff/current work/afl_predictionSachintha-Karunaratnes-MacBook-Pro:afl_prediction sachintha$ 
]0;~/my_stuff/current work/afl_predictionSachintha-Karunaratnes-MacBook-Pro:afl_prediction sachintha$ g[Kget[K[K[Kgit stats[Kus
On branch master
Your branch is up to date with 'origin/master'.

Changes not staged for commit:
  (use "git add <file>..." to update what will be committed)
  (use "git checkout -- <file>..." to discard changes in working directory)

	[31mmodified:   .Rproj.user/3F54B192/console06/C03844D5[m
	[31mmodified:   .Rproj.user/3F54B192/console06/C03844D5.env[m
	[31mmodified:   .Rproj.user/3F54B192/console06/INDEX001[m
	[31mmodified:   .Rproj.user/3F54B192/sources/prop/2DBC1606[m
	[31mmodified:   .Rproj.user/3F54B192/sources/prop/54328B27[m
	[31mmodified:   .Rproj.user/3F54B192/sources/prop/9C1C5578[m
	[31mmodified:   .Rproj.user/3F54B192/sources/prop/A2FD72A7[m
	[31mmodified:   .Rproj.user/3F54B192/sources/prop/INDEX[m
	[31mmodified:   .Rproj.user/shared/notebooks/paths[m
	[31mmodified:   README.html[m
	[31mmodified:   README.md[m
	[31mmodified:   config/global.dcf[m
	[31mmodified:   data/afl-2018-AUSEasternStandardTime.csv[m
	[31mmodified:   data/retro_score_ensemble_bayesian.RDS[m
	[31mmodified:   data/retro_score_ensemble_logistic.RDS[m
	[31mmodified:   data/retro_score_simple_elo.RDS[m
	[31mmodified:   data/retro_score_weighted_expert_tips.RDS[m
	[31mmodified:   lib/elo_functions.R[m
	[31mmodified:   lib/simple_point_spread_regression.R[m
	[31mmodified:   munge/04-load_expert_tips.R[m
	[31mmodified:   profiling/compare_models_historical_head_to_head.R[m
	[31mmodified:   src/download_expert_tips_run_script.R[m
	[31mmodified:   src/parameter_tuning.R[m
	[31mmodified:   src/retro_score_ensemble_bayesian.R[m
	[31mmodified:   src/retro_score_ensemble_logistic.R[m
	[31mmodified:   src/retro_score_simple_elo.R[m
	[31mmodified:   src/season_2018_predictions.R[m

Untracked files:
  (use "git add <file>..." to include in what will be committed)

	[31m.gitignore[m
	[31m2018_premiership_prob_after_18_matches.pdf[m
	[31m2018_premiership_prob_after_9_matches.pdf[m
	[31mcache/afl.2018.AUSEasternStandardTime.RData[m
	[31mcache/afl.2018.AUSEasternStandardTime.hash[m
	[31mcache/mismatched.venue.names.2018.RData[m
	[31mcache/mismatched.venue.names.2018.hash[m
	[31mdata/expert_tips_2018_Round_7.RDS[m
	[31mpremiership_prob_after_20_matches.pdf[m
	[31msrc/bayesian_ensemble_fit.rds[m

no changes added to commit (use "git add" and/or "git commit -a")
]0;~/my_stuff/current work/afl_predictionSachintha-Karunaratnes-MacBook-Pro:afl_prediction sachintha$ git add -u
]0;~/my_stuff/current work/afl_predictionSachintha-Karunaratnes-MacBook-Pro:afl_prediction sachintha$ git status
On branch master
Your branch is up to date with 'origin/master'.

Changes to be committed:
  (use "git reset HEAD <file>..." to unstage)

	[32mmodified:   .Rproj.user/3F54B192/console06/C03844D5[m
	[32mmodified:   .Rproj.user/3F54B192/console06/C03844D5.env[m
	[32mmodified:   .Rproj.user/3F54B192/console06/INDEX001[m
	[32mmodified:   .Rproj.user/3F54B192/sources/prop/2DBC1606[m
	[32mmodified:   .Rproj.user/3F54B192/sources/prop/54328B27[m
	[32mmodified:   .Rproj.user/3F54B192/sources/prop/9C1C5578[m
	[32mmodified:   .Rproj.user/3F54B192/sources/prop/A2FD72A7[m
	[32mmodified:   .Rproj.user/3F54B192/sources/prop/INDEX[m
	[32mmodified:   .Rproj.user/shared/notebooks/paths[m
	[32mmodified:   README.html[m
	[32mmodified:   README.md[m
	[32mmodified:   config/global.dcf[m
	[32mmodified:   data/afl-2018-AUSEasternStandardTime.csv[m
	[32mmodified:   data/retro_score_ensemble_bayesian.RDS[m
	[32mmodified:   data/retro_score_ensemble_logistic.RDS[m
	[32mmodified:   data/retro_score_simple_elo.RDS[m
	[32mmodified:   data/retro_score_weighted_expert_tips.RDS[m
	[32mmodified:   lib/elo_functions.R[m
	[32mmodified:   lib/simple_point_spread_regression.R[m
	[32mmodified:   munge/04-load_expert_tips.R[m
	[32mmodified:   profiling/compare_models_historical_head_to_head.R[m
	[32mmodified:   src/download_expert_tips_run_script.R[m
	[32mmodified:   src/parameter_tuning.R[m
	[32mmodified:   src/retro_score_ensemble_bayesian.R[m
	[32mmodified:   src/retro_score_ensemble_logistic.R[m
	[32mmodified:   src/retro_score_simple_elo.R[m
	[32mmodified:   src/season_2018_predictions.R[m

Changes not staged for commit:
  (use "git add <file>..." to update what will be committed)
  (use "git checkout -- <file>..." to discard changes in working directory)

	[31mmodified:   .Rproj.user/3F54B192/console06/C03844D5[m

Untracked files:
  (use "git add <file>..." to include in what will be committed)

	[31m.gitignore[m
	[31m2018_premiership_prob_after_18_matches.pdf[m
	[31m2018_premiership_prob_after_9_matches.pdf[m
	[31mcache/afl.2018.AUSEasternStandardTime.RData[m
	[31mcache/afl.2018.AUSEasternStandardTime.hash[m
	[31mcache/mismatched.venue.names.2018.RData[m
	[31mcache/mismatched.venue.names.2018.hash[m
	[31mdata/expert_tips_2018_Round_7.RDS[m
	[31mpremiership_prob_after_20_matches.pdf[m
	[31msrc/bayesian_ensemble_fit.rds[m

]0;~/my_stuff/current work/afl_predictionSachintha-Karunaratnes-MacBook-Pro:afl_prediction sachintha$ git add data/e xpert_tips_2018_Round_7.RDS
]0;~/my_stuff/current work/afl_predictionSachintha-Karunaratnes-MacBook-Pro:afl_prediction sachintha$ git commit -m  'a[KUpdated the predictions for round 7 and also re[K[Kadded a reda[K[Kade[Kne[K[Kme'
[master 30d7104] Updated the predictions for round 7 and also added a readme
 28 files changed, 907 insertions(+), 600 deletions(-)
 rewrite .Rproj.user/3F54B192/console06/INDEX001 (86%)
 rewrite README.md (99%)
 create mode 100644 data/expert_tips_2018_Round_7.RDS
 rewrite data/retro_score_ensemble_bayesian.RDS (100%)
 rewrite data/retro_score_ensemble_logistic.RDS (100%)
 rewrite data/retro_score_simple_elo.RDS (100%)
 rewrite data/retro_score_weighted_expert_tips.RDS (100%)
]0;~/my_stuff/current work/afl_predictionSachintha-Karunaratnes-MacBook-Pro:afl_prediction sachintha$ git branch
* [32mmaster[m
]0;~/my_stuff/current work/afl_predictionSachintha-Karunaratnes-MacBook-Pro:afl_prediction sachintha$ git push origi n master
Enter passphrase for key '/Users/sachintha/.ssh/id_rsa': 
Counting objects: 43, done.
Delta compression using up to 4 threads.
Compressing objects:   2% (1/41)   Compressing objects:   4% (2/41)   Compressing objects:   7% (3/41)   Compressing objects:   9% (4/41)   Compressing objects:  12% (5/41)   Compressing objects:  14% (6/41)   Compressing objects:  17% (7/41)   Compressing objects:  19% (8/41)   Compressing objects:  21% (9/41)   Compressing objects:  24% (10/41)   Compressing objects:  26% (11/41)   Compressing objects:  29% (12/41)   Compressing objects:  31% (13/41)   Compressing objects:  34% (14/41)   Compressing objects:  36% (15/41)   Compressing objects:  39% (16/41)   Compressing objects:  41% (17/41)   Compressing objects:  43% (18/41)   Compressing objects:  46% (19/41)   Compressing objects:  48% (20/41)   Compressing objects:  51% (21/41)   Compressing objects:  53% (22/41)   Compressing objects:  56% (23/41)   Compressing objects:  58% (24/41)   Compressing objects:  60% (25/41)   Compressing objects:  63% (26/41)   Compressing objects:  65% (27/41)   Compressing objects:  68% (28/41)   Compressing objects:  70% (29/41)   Compressing objects:  73% (30/41)   Compressing objects:  75% (31/41)   Compressing objects:  78% (32/41)   Compressing objects:  80% (33/41)   Compressing objects:  82% (34/41)   Compressing objects:  85% (35/41)   Compressing objects:  87% (36/41)   Compressing objects:  90% (37/41)   Compressing objects:  92% (38/41)   Compressing objects:  95% (39/41)   Compressing objects:  97% (40/41)   Compressing objects: 100% (41/41)   Compressing objects: 100% (41/41), done.
Writing objects:   2% (1/43)   Writing objects:   4% (2/43)   Writing objects:   6% (3/43)   Writing objects:   9% (4/43)   Writing objects:  11% (5/43)   Writing objects:  13% (6/43)   Writing objects:  16% (7/43)   Writing objects:  18% (8/43)   Writing objects:  20% (9/43)   Writing objects:  23% (10/43)   Writing objects:  25% (11/43)   Writing objects:  27% (12/43)   Writing objects:  30% (13/43)   Writing objects:  32% (14/43)   Writing objects:  34% (15/43)   Writing objects:  37% (16/43)   Writing objects:  39% (17/43)   Writing objects:  41% (18/43)   Writing objects:  44% (19/43)   Writing objects:  46% (20/43)   Writing objects:  48% (21/43)   Writing objects:  51% (22/43)   Writing objects:  53% (23/43)   Writing objects:  55% (24/43)   Writing objects:  58% (25/43)   Writing objects:  60% (26/43)   Writing objects:  62% (27/43)   Writing objects:  65% (28/43)   Writing objects:  67% (29/43)   Writing objects:  69% (30/43)   Writing objects:  72% (31/43)   Writing objects:  74% (32/43)   Writing objects:  76% (33/43)   Writing objects:  79% (34/43)   Writing objects:  81% (35/43)   Writing objects:  83% (36/43)   Writing objects:  86% (37/43)   Writing objects:  88% (38/43)   Writing objects:  90% (39/43)   Writing objects:  93% (40/43)   Writing objects:  95% (41/43)   Writing objects:  97% (42/43)   Writing objects: 100% (43/43)   Writing objects: 100% (43/43), 16.75 KiB | 252.00 KiB/s, done.
Total 43 (delta 24), reused 0 (delta 0)
To bitbucket.org:sachintha/afl_prediction.git
   3459f04..30d7104  master -> master

]0;~/my_stuff/current work/afl_predictionSachintha-Karunaratnes-MacBook-Pro:afl_prediction sachintha$ 
]0;~/my_stuff/current work/afl_predictionSachintha-Karunaratnes-MacBook-Pro:afl_prediction sachintha$ 
]0;~/my_stuff/current work/afl_predictionSachintha-Karunaratnes-MacBook-Pro:afl_prediction sachintha$ git status
On branch master
Your branch is up to date with 'origin/master'.

Changes not staged for commit:
  (use "git add <file>..." to update what will be committed)
  (use "git checkout -- <file>..." to discard changes in working directory)

	[31mmodified:   .Rproj.user/3F54B192/console06/C03844D5[m
	[31mmodified:   .Rproj.user/3F54B192/console06/C03844D5.env[m
	[31mmodified:   .Rproj.user/3F54B192/console06/INDEX001[m
	[31mmodified:   .Rproj.user/3F54B192/sources/prop/2DBC1606[m
	[31mmodified:   .Rproj.user/3F54B192/sources/prop/9C1C5578[m
	[31mmodified:   .Rproj.user/3F54B192/sources/prop/A2FD72A7[m
	[31mmodified:   README.md[m
	[31mmodified:   data/afl-2018-AUSEasternStandardTime.csv[m
	[31mmodified:   data/retro_score_ensemble_bayesian.RDS[m
	[31mmodified:   data/retro_score_ensemble_logistic.RDS[m
	[31mmodified:   data/retro_score_simple_elo.RDS[m
	[31mmodified:   data/retro_score_weighted_expert_tips.RDS[m
	[31mmodified:   lib/scrape_expert_tips.R[m
	[31mmodified:   munge/04-load_expert_tips.R[m
	[31mmodified:   src/bayesian_ensemble_fit.stan[m
	[31mmodified:   src/download_expert_tips_run_script.R[m
	[31mmodified:   src/retro_score_ensemble_bayesian.R[m
	[31mmodified:   src/retro_score_ensemble_logistic.R[m
	[31mmodified:   src/retro_score_simple_elo.R[m
	[31mmodified:   src/retro_score_weighted_expert_tips.R[m
	[31mmodified:   src/season_2018_predictions.R[m

Untracked files:
  (use "git add <file>..." to include in what will be committed)

	[31m.gitignore[m
	[31m2018_premiership_prob_after_18_matches.pdf[m
	[31m2018_premiership_prob_after_9_matches.pdf[m
	[31mcache/afl.2018.AUSEasternStandardTime.RData[m
	[31mcache/afl.2018.AUSEasternStandardTime.hash[m
	[31mcache/mismatched.venue.names.2018.RData[m
	[31mcache/mismatched.venue.names.2018.hash[m
	[31mdata/expert_tips_2018_Round_8.RDS[m
	[31mpremiership_prob_after_20_matches.pdf[m
	[31msrc/bayesian_ensemble_fit.rds[m

no changes added to commit (use "git add" and/or "git commit -a")
]0;~/my_stuff/current work/afl_predictionSachintha-Karunaratnes-MacBook-Pro:afl_prediction sachintha$ got [K[K[Kit add -u
]0;~/my_stuff/current work/afl_predictionSachintha-Karunaratnes-MacBook-Pro:afl_prediction sachintha$ git add data/e xpert_tips_2018_Round_8.RDS
]0;~/my_stuff/current work/afl_predictionSachintha-Karunaratnes-MacBook-Pro:afl_prediction sachintha$ git commit -m  'added round 8 predictions. r[Kimprovements to the scraping of expert data and  removed k[K'[KKISS_OG_[KF_[K[K[KF_DEATH'[K from contro[Kibuton[K[Kin g[K[Kg to the expert tips'
[master b796e6d] added round 8 predictions. improvements to the scraping of expert data and removed KISS_OF_DEATH from contributing to the expert tips
 22 files changed, 171 insertions(+), 162 deletions(-)
 rewrite .Rproj.user/3F54B192/console06/INDEX001 (86%)
 create mode 100644 data/expert_tips_2018_Round_8.RDS
 rewrite data/retro_score_ensemble_bayesian.RDS (100%)
 rewrite data/retro_score_ensemble_logistic.RDS (100%)
 rewrite data/retro_score_simple_elo.RDS (100%)
 rewrite data/retro_score_weighted_expert_tips.RDS (100%)
]0;~/my_stuff/current work/afl_predictionSachintha-Karunaratnes-MacBook-Pro:afl_prediction sachintha$ git branch
* [32mmaster[m
]0;~/my_stuff/current work/afl_predictionSachintha-Karunaratnes-MacBook-Pro:afl_prediction sachintha$ git push origi n master
Enter passphrase for key '/Users/sachintha/.ssh/id_rsa': 
Enter passphrase for key '/Users/sachintha/.ssh/id_rsa': 
Counting objects: 33, done.
Delta compression using up to 4 threads.
Compressing objects:   3% (1/32)   Compressing objects:   6% (2/32)   Compressing objects:   9% (3/32)   Compressing objects:  12% (4/32)   Compressing objects:  15% (5/32)   Compressing objects:  18% (6/32)   Compressing objects:  21% (7/32)   Compressing objects:  25% (8/32)   Compressing objects:  28% (9/32)   Compressing objects:  31% (10/32)   Compressing objects:  34% (11/32)   Compressing objects:  37% (12/32)   Compressing objects:  40% (13/32)   Compressing objects:  43% (14/32)   Compressing objects:  46% (15/32)   Compressing objects:  50% (16/32)   Compressing objects:  53% (17/32)   Compressing objects:  56% (18/32)   Compressing objects:  59% (19/32)   Compressing objects:  62% (20/32)   Compressing objects:  65% (21/32)   Compressing objects:  68% (22/32)   Compressing objects:  71% (23/32)   Compressing objects:  75% (24/32)   Compressing objects:  78% (25/32)   Compressing objects:  81% (26/32)   Compressing objects:  84% (27/32)   Compressing objects:  87% (28/32)   Compressing objects:  90% (29/32)   Compressing objects:  93% (30/32)   Compressing objects:  96% (31/32)   Compressing objects: 100% (32/32)   Compressing objects: 100% (32/32), done.
Writing objects:   3% (1/33)   Writing objects:   6% (2/33)   Writing objects:   9% (3/33)   Writing objects:  12% (4/33)   Writing objects:  15% (5/33)   Writing objects:  18% (6/33)   Writing objects:  21% (7/33)   Writing objects:  24% (8/33)   Writing objects:  27% (9/33)   Writing objects:  30% (10/33)   Writing objects:  33% (11/33)   Writing objects:  36% (12/33)   Writing objects:  39% (13/33)   Writing objects:  42% (14/33)   Writing objects:  45% (15/33)   Writing objects:  48% (16/33)   Writing objects:  51% (17/33)   Writing objects:  54% (18/33)   Writing objects:  57% (19/33)   Writing objects:  60% (20/33)   Writing objects:  63% (21/33)   Writing objects:  66% (22/33)   Writing objects:  69% (23/33)   Writing objects:  72% (24/33)   Writing objects:  75% (25/33)   Writing objects:  78% (26/33)   Writing objects:  81% (27/33)   Writing objects:  84% (28/33)   Writing objects:  87% (29/33)   Writing objects:  90% (30/33)   Writing objects:  93% (31/33)   Writing objects:  96% (32/33)   Writing objects: 100% (33/33)   Writing objects: 100% (33/33), 10.81 KiB | 197.00 KiB/s, done.
Total 33 (delta 18), reused 0 (delta 0)
To bitbucket.org:sachintha/afl_prediction.git
   30d7104..b796e6d  master -> master
]0;~/my_stuff/current work/afl_predictionSachintha-Karunaratnes-MacBook-Pro:afl_prediction sachintha$ round <- results[, gsub(pattern = 'Round \(.*\)',
]0;~/my_stuff/current work/afl_prediction[?1034hSachintha-Karunaratnes-MacBook-Pro:afl_prediction sachintha$ round <- resul ts[, gsub(pattern = 'Round \(.*\)',
bash: syntax error near unexpected token `('
`                        rou nd,'\\1')]
> 

]0;~/my_stuff/current work/afl_predictionSachintha-Karunaratnes-MacBook-Pro:afl_prediction sachintha$ git status
On branch master
Your branch is up to date with 'origin/master'.

Changes not staged for commit:
  (use "git add <file>..." to update what will be committed)
  (use "git checkout -- <file>..." to discard changes in working directory)

	[31mmodified:   .Rproj.user/3F54B192/console06/C03844D5[m
	[31mmodified:   .Rproj.user/3F54B192/console06/C03844D5.env[m
	[31mmodified:   .Rproj.user/3F54B192/console06/INDEX001[m
	[31mmodified:   .Rproj.user/3F54B192/sources/prop/2DBC1606[m
	[31mmodified:   .Rproj.user/3F54B192/sources/prop/54328B27[m
	[31mmodified:   .Rproj.user/3F54B192/sources/prop/INDEX[m
	[31mmodified:   .Rproj.user/shared/notebooks/paths[m
	[31mmodified:   README.md[m
	[31mmodified:   data/afl-2018-AUSEasternStandardTime.csv[m
	[31mmodified:   data/retro_score_simple_elo.RDS[m
	[31mmodified:   src/retro_score_simple_elo.R[m
	[31mmodified:   src/season_2018_predictions.R[m

Untracked files:
  (use "git add <file>..." to include in what will be committed)

	[31m.gitignore[m
	[31m2018_premiership_prob_after_18_matches.pdf[m
	[31m2018_premiership_prob_after_9_matches.pdf[m
	[31mcache/afl.2018.AUSEasternStandardTime.RData[m
	[31mcache/afl.2018.AUSEasternStandardTime.hash[m
	[31mcache/mismatched.venue.names.2018.RData[m
	[31mcache/mismatched.venue.names.2018.hash[m
	[31mpremiership_prob_after_20_matches.pdf[m
	[31msrc/bayesian_elo_parameter_estimation.R[m
	[31msrc/bayesian_elo_parameter_estimation.stan[m
	[31msrc/bayesian_ensemble_fit.rds[m

no changes added to commit (use "git add" and/or "git commit -a")
]0;~/my_stuff/current work/afl_predictionSachintha-Karunaratnes-MacBook-Pro:afl_prediction sachintha$ git add src/bayesian_elo_paraameter_estimation.R
]0;~/my_stuff/current work/afl_predictionSachintha-Karunaratnes-MacBook-Pro:afl_prediction sachintha$ git add src/bayesian_elo_paraameter_estimation.R[Kstan 
]0;~/my_stuff/current work/afl_predictionSachintha-Karunaratnes-MacBook-Pro:afl_prediction sachintha$ git commit -m 'Added estim[K[K[K[K[Kbayesia n el [Ko estimation'
[master d9bf4e1] Added bayesian elo estimation
 2 files changed, 157 insertions(+)
 create mode 100644 src/bayesian_elo_parameter_estimation.R
 create mode 100644 src/bayesian_elo_parameter_estimation.stan
]0;~/my_stuff/current work/afl_predictionSachintha-Karunaratnes-MacBook-Pro:afl_prediction sachintha$ git branch
* [32mmaster[m
]0;~/my_stuff/current work/afl_predictionSachintha-Karunaratnes-MacBook-Pro:afl_prediction sachintha$ git push origin master
Warning: Permanently added the RSA host key for IP address '18.205.93.1' to the list of known hosts.
Enter passphrase for key '/Users/sachintha/.ssh/id_rsa': 
Connection closed by 18.205.93.1 port 22
fatal: Could not read from remote repository.

Please make sure you have the correct access rights
and the repository exists.
]0;~/my_stuff/current work/afl_predictionSachintha-Karunaratnes-MacBook-Pro:afl_prediction sachintha$ git push origin master
Enter passphrase for key '/Users/sachintha/.ssh/id_rsa': 
Counting objects: 5, done.
Delta compression using up to 4 threads.
Compressing objects:  20% (1/5)   Compressing objects:  40% (2/5)   Compressing objects:  60% (3/5)   Compressing objects:  80% (4/5)   Compressing objects: 100% (5/5)   Compressing objects: 100% (5/5), done.
Writing objects:  20% (1/5)   Writing objects:  40% (2/5)   Writing objects:  60% (3/5)   Writing objects:  80% (4/5)   Writing objects: 100% (5/5)   Writing objects: 100% (5/5), 1.67 KiB | 855.00 KiB/s, done.
Total 5 (delta 2), reused 0 (delta 0)
To bitbucket.org:sachintha/afl_prediction.git
   b796e6d..d9bf4e1  master -> master
]0;~/my_stuff/current work/afl_predictionSachintha-Karunaratnes-MacBook-Pro:afl_prediction sachintha$ 
]0;~/my_stuff/current work/afl_predictionYou have new mail in /var/mail/sachintha
Sachintha-Karunaratnes-MacBook-Pro:afl_prediction sachintha$ git status
On branch master
Your branch is up to date with 'origin/master'.

Changes not staged for commit:
  (use "git add <file>..." to update what will be committed)
  (use "git checkout -- <file>..." to discard changes in working directory)

	[31mmodified:   .Rproj.user/3F54B192/console06/C03844D5[m
	[31mmodified:   .Rproj.user/3F54B192/console06/C03844D5.env[m
	[31mmodified:   .Rproj.user/3F54B192/console06/INDEX001[m
	[31mmodified:   .Rproj.user/3F54B192/sources/prop/2DBC1606[m
	[31mmodified:   .Rproj.user/3F54B192/sources/prop/54328B27[m
	[31mmodified:   .Rproj.user/3F54B192/sources/prop/INDEX[m
	[31mmodified:   .Rproj.user/shared/notebooks/paths[m
	[31mmodified:   README.md[m
	[31mmodified:   data/afl-2018-AUSEasternStandardTime.csv[m
	[31mmodified:   data/retro_score_simple_elo.RDS[m
	[31mmodified:   src/bayesian_elo_parameter_estimation.R[m
	[31mmodified:   src/bayesian_elo_parameter_estimation.stan[m
	[31mmodified:   src/retro_score_simple_elo.R[m
	[31mmodified:   src/season_2018_predictions.R[m

Untracked files:
  (use "git add <file>..." to include in what will be committed)

	[31m.gitignore[m
	[31m2018_premiership_prob_after_18_matches.pdf[m
	[31m2018_premiership_prob_after_9_matches.pdf[m
	[31mcache/afl.2018.AUSEasternStandardTime.RData[m
	[31mcache/afl.2018.AUSEasternStandardTime.hash[m
	[31mcache/mismatched.venue.names.2018.RData[m
	[31mcache/mismatched.venue.names.2018.hash[m
	[31mpremiership_prob_after_20_matches.pdf[m
	[31msrc/bayesian_ensemble_fit.rds[m

no changes added to commit (use "git add" and/or "git commit -a")
]0;~/my_stuff/current work/afl_predictionSachintha-Karunaratnes-MacBook-Pro:afl_prediction sachintha$ git add -u
]0;~/my_stuff/current work/afl_predictionSachintha-Karunaratnes-MacBook-Pro:afl_prediction sachintha$ git commit -m 'added [K[K[K[K[K[Kfixd[Ked a bug w here [K[K[Kn a team doesnt play[K[K[K[K[K[K[K[K[K[K[K[K[K[K[K[K[K[K[K[K[K[K[A[C[C[C[C[C[C[C[C[C[C[C[C[C[C[C[C[C[C[C[C[C[C[C[C[C[C[C[C[C[C[C[C[C[C[C[C[C[C[C[C[C[C[C[C[C[C[C[C[C[C[C[C[C[C[C[C[C[C[C[C[C[C[C[C[C[C[C[C[C[C[C[C[C[C[C[C[C[C[C[C[C[C[C[C[C[C[C[C[K
[K[A[C[C[C[C[C[C[C[C[C[C[C[C[C[C[C[C[C[C[C[C[C[C[C[C[C[C[C[C[C[C[C[C[C[C[C[C[C[C[C[C[C[C[C[C[C[C[C[C[C[C[C[C[C[C[C[C[C[C[C[C[C[C[C[C[C[C[C[C[C[C[C[C[C[C[C[C[C[C[C[C[C[C[C[C[C[C[C[C[K'
[master d8192f7] fixed a bug
 14 files changed, 283 insertions(+), 206 deletions(-)
 rewrite .Rproj.user/3F54B192/console06/INDEX001 (86%)
 rewrite data/retro_score_simple_elo.RDS (100%)
]0;~/my_stuff/current work/afl_predictionSachintha-Karunaratnes-MacBook-Pro:afl_prediction sachintha$ git push origin master
Enter passphrase for key '/Users/sachintha/.ssh/id_rsa': 
git@bitbucket.org: Permission denied (publickey).
fatal: Could not read from remote repository.

Please make sure you have the correct access rights
and the repository exists.
]0;~/my_stuff/current work/afl_predictionYou have new mail in /var/mail/sachintha
Sachintha-Karunaratnes-MacBook-Pro:afl_prediction sachintha$ 
]0;~/my_stuff/current work/afl_predictionSachintha-Karunaratnes-MacBook-Pro:afl_prediction sachintha$ git push origin mastercommit -m 'fixed a bug''[A[C[C[C[C[C[C[C[C[C[C[C[C[C[C[C[C[C[C[C[C[C[C[C[C[C[C[C[C[C[C[C[C[C[C[C[C[C[C[C[C[C[C[C[C[C[C[C[C[C[C[C[C[C[C[C[C[C[C[C[C[C[C[C[Cadd -u[K
[K[A[C[C[C[C[C[C[C[C[C[C[C[C[C[C[C[C[C[C[C[C[C[C[C[C[C[C[C[C[C[C[C[C[C[C[C[C[C[C[C[C[C[C[C[C[C[C[C[C[C[C[C[C[C[C[C[C[C[C[C[C[C[C[C[C[C[C[C[C[C[C[C
]0;~/my_stuff/current work/afl_predictionSachintha-Karunaratnes-MacBook-Pro:afl_prediction sachintha$ git status
On branch master
Your branch is ahead of 'origin/master' by 1 commit.
  (use "git push" to publish your local commits)

Changes to be committed:
  (use "git reset HEAD <file>..." to unstage)

	[32mmodified:   .Rproj.user/3F54B192/console06/C03844D5[m
	[32mmodified:   .Rproj.user/3F54B192/console06/INDEX001[m
	[32mmodified:   data/afl-2018-AUSEasternStandardTime.csv[m
	[32mmodified:   src/bayesian_elo_parameter_estimation.R[m
	[32mmodified:   src/bayesian_elo_parameter_estimation.stan[m

Changes not staged for commit:
  (use "git add <file>..." to update what will be committed)
  (use "git checkout -- <file>..." to discard changes in working directory)

	[31mmodified:   .Rproj.user/3F54B192/console06/C03844D5[m

Untracked files:
  (use "git add <file>..." to include in what will be committed)

	[31m.gitignore[m
	[31m2018_premiership_prob_after_18_matches.pdf[m
	[31m2018_premiership_prob_after_9_matches.pdf[m
	[31mcache/afl.2018.AUSEasternStandardTime.RData[m
	[31mcache/afl.2018.AUSEasternStandardTime.hash[m
	[31mcache/mismatched.venue.names.2018.RData[m
	[31mcache/mismatched.venue.names.2018.hash[m
	[31mpremiership_prob_after_20_matches.pdf[m
	[31msrc/bayesian_ensemble_fit.rds[m

]0;~/my_stuff/current work/afl_predictionSachintha-Karunaratnes-MacBook-Pro:afl_prediction sachintha$ git commit -m 'added futur e m[K[K[Ke[K[A[C[C[C[C[C[C[C[C[C[C[C[C[C[C[C[C[C[C[C[C[C[C[C[C[C[C[C[C[C[C[C[C[C[C[C[C[C[C[C[C[C[C[C[C[C[C[C[C[C[C[C[C[C[C[C[C[C[C[C[C[C[C[C[C[C[C[C[C[C[C[C[C[C[C[C[C[C[C[C[C[C[C[C[C[C[C[K
[K[A[C[C[C[C[C[C[C[C[C[C[C[C[C[C[C[C[C[C[C[C[C[C[C[C[C[C[C[C[C[C[C[C[C[C[C[C[C[C[C[C[C[C[C[C[C[C[C[C[C[C[C[C[C[C[C[C[C[C[C[C[C[C[C[C[C[C[C[C[C[C[C[C[C[C[C[C[C[C[C[C[C[C[C[C[C[Ct [A[C[C[C[C[C[C[C[C[C[C[C[C[C[C[C[C[C[C[C[C[C[C[C[C[C[C[C[C[C[C[C[C[C[C[C[C[C[C[C[C[C[C[C[C[C[C[C[C[C[C[C[C[C[C[C[C[C[C[C[C[C[C[C[C[C[C[C[C[C[C[C[C[C[C[C[C[C[C[C[C[C[C[C[C[C[C[K
[K[A[C[C[C[C[C[C[C[C[C[C[C[C[C[C[C[C[C[C[C[C[C[C[C[C[C[C[C[C[C[C[C[C[C[C[C[C[C[C[C[C[C[C[C[C[C[C[C[C[C[C[C[C[C[C[C[C[C[C[C[C[C[C[C[C[C[C[C[C[C[C[C[C[C[C[C[C[C[C[C[C[C[C[C[C[C[Cr e match i[Ksimua[Klation'
[master 45c1e5c] added future match simulation
 5 files changed, 105 insertions(+), 8 deletions(-)
 rewrite .Rproj.user/3F54B192/console06/INDEX001 (74%)
]0;~/my_stuff/current work/afl_predictionSachintha-Karunaratnes-MacBook-Pro:afl_prediction sachintha$ git push origin master
Enter passphrase for key '/Users/sachintha/.ssh/id_rsa': 
Counting objects: 37, done.
Delta compression using up to 4 threads.
Compressing objects:   2% (1/35)   Compressing objects:   5% (2/35)   Compressing objects:   8% (3/35)   Compressing objects:  11% (4/35)   Compressing objects:  14% (5/35)   Compressing objects:  17% (6/35)   Compressing objects:  20% (7/35)   Compressing objects:  22% (8/35)   Compressing objects:  25% (9/35)   Compressing objects:  28% (10/35)   Compressing objects:  31% (11/35)   Compressing objects:  34% (12/35)   Compressing objects:  37% (13/35)   Compressing objects:  40% (14/35)   Compressing objects:  42% (15/35)   Compressing objects:  45% (16/35)   Compressing objects:  48% (17/35)   Compressing objects:  51% (18/35)   Compressing objects:  54% (19/35)   Compressing objects:  57% (20/35)   Compressing objects:  60% (21/35)   Compressing objects:  62% (22/35)   Compressing objects:  65% (23/35)   Compressing objects:  68% (24/35)   Compressing objects:  71% (25/35)   Compressing objects:  74% (26/35)   Compressing objects:  77% (27/35)   Compressing objects:  80% (28/35)   Compressing objects:  82% (29/35)   Compressing objects:  85% (30/35)   Compressing objects:  88% (31/35)   Compressing objects:  91% (32/35)   Compressing objects:  94% (33/35)   Compressing objects:  97% (34/35)   Compressing objects: 100% (35/35)   Compressing objects: 100% (35/35), done.
Writing objects:   2% (1/37)   Writing objects:   5% (2/37)   Writing objects:   8% (3/37)   Writing objects:  10% (4/37)   Writing objects:  13% (5/37)   Writing objects:  16% (6/37)   Writing objects:  18% (7/37)   Writing objects:  21% (8/37)   Writing objects:  24% (9/37)   Writing objects:  27% (10/37)   Writing objects:  29% (11/37)   Writing objects:  32% (12/37)   Writing objects:  35% (13/37)   Writing objects:  37% (14/37)   Writing objects:  40% (15/37)   Writing objects:  43% (16/37)   Writing objects:  45% (17/37)   Writing objects:  48% (18/37)   Writing objects:  51% (19/37)   Writing objects:  54% (20/37)   Writing objects:  56% (21/37)   Writing objects:  59% (22/37)   Writing objects:  62% (23/37)   Writing objects:  64% (24/37)   Writing objects:  67% (25/37)   Writing objects:  70% (26/37)   Writing objects:  72% (27/37)   Writing objects:  75% (28/37)   Writing objects:  78% (29/37)   Writing objects:  81% (30/37)   Writing objects:  83% (31/37)   Writing objects:  86% (32/37)   Writing objects:  89% (33/37)   Writing objects:  91% (34/37)   Writing objects:  94% (35/37)   Writing objects:  97% (36/37)   Writing objects: 100% (37/37)   Writing objects: 100% (37/37), 8.54 KiB | 171.00 KiB/s, done.
Total 37 (delta 22), reused 0 (delta 0)
To bitbucket.org:sachintha/afl_prediction.git
   d9bf4e1..45c1e5c  master -> master
]0;~/my_stuff/current work/afl_predictionSachintha-Karunaratnes-MacBook-Pro:afl_prediction sachintha$ [KSachintha-Karunaratnes-MacBook-Pro:afl_prediction sachintha$ 
]0;~/my_stuff/current work/afl_predictionYou have new mail in /var/mail/sachintha
Sachintha-Karunaratnes-MacBook-Pro:afl_prediction sachintha$ git st atus
On branch master
Your branch is up to date with 'origin/master'.

Changes not staged for commit:
  (use "git add <file>..." to update what will be committed)
  (use "git checkout -- <file>..." to discard changes in working directory)

	[31mmodified:   .Rproj.user/3F54B192/console06/C03844D5[m
	[31mmodified:   .Rproj.user/3F54B192/console06/INDEX001[m
	[31mmodified:   .Rproj.user/3F54B192/sources/prop/2DBC1606[m
	[31mmodified:   .Rproj.user/3F54B192/sources/prop/INDEX[m
	[31mmodified:   .Rproj.user/shared/notebooks/paths[m
	[31mmodified:   data/afl-2018-AUSEasternStandardTime.csv[m
	[31mmodified:   src/bayesian_elo_parameter_estimation.R[m

Untracked files:
  (use "git add <file>..." to include in what will be committed)

	[31m.gitignore[m
	[31m2018_premiership_prob_after_18_matches.pdf[m
	[31m2018_premiership_prob_after_9_matches.pdf[m
	[31mcache/afl.2018.AUSEasternStandardTime.RData[m
	[31mcache/afl.2018.AUSEasternStandardTime.hash[m
	[31mcache/mismatched.venue.names.2018.RData[m
	[31mcache/mismatched.venue.names.2018.hash[m
	[31mpremiership_prob_after_20_matches.pdf[m
	[31msrc/bayesian_ensemble_fit.rds[m

no changes added to commit (use "git add" and/or "git commit -a")

]0;~/my_stuff/current work/afl_predictionSachintha-Karunaratnes-MacBook-Pro:afl_prediction sachintha$ git branch
* [32mhandle_finals[m
  master[m
]0;~/my_stuff/current work/afl_predictionSachintha-Karunaratnes-MacBook-Pro:afl_prediction sachintha$ git a[K[K status
On branch handle_finals
Changes not staged for commit:
  (use "git add <file>..." to update what will be committed)
  (use "git checkout -- <file>..." to discard changes in working directory)

	[31mmodified:   .Rproj.user/3F54B192/console06/C03844D5[m
	[31mmodified:   .Rproj.user/3F54B192/console06/INDEX001[m
	[31mmodified:   .Rproj.user/3F54B192/sources/prop/2DBC1606[m
	[31mmodified:   .Rproj.user/3F54B192/sources/prop/A2FD72A7[m
	[31mmodified:   .Rproj.user/3F54B192/sources/prop/INDEX[m
	[31mmodified:   .Rproj.user/shared/notebooks/paths[m
	[31mmodified:   data/past_results.rds[m
	[31mmodified:   data/schedules.rds[m
	[31mmodified:   munge/01-load_past_results_and_schedules.R[m
	[31mmodified:   src/scrape_afl_tables.R[m

Untracked files:
  (use "git add <file>..." to include in what will be committed)

	[31m.gitignore[m
	[31m2018_finals_series_template_schedule.csv[m
	[31m2018_premiership_prob_after_18_matches.pdf[m
	[31m2018_premiership_prob_after_9_matches.pdf[m
	[31mcache/afl.2018.AUSEasternStandardTime.RData[m
	[31mcache/afl.2018.AUSEasternStandardTime.hash[m
	[31mcache/mismatched.venue.names.2018.RData[m
	[31mcache/mismatched.venue.names.2018.hash[m
	[31mpremiership_prob_after_20_matches.pdf[m
	[31msrc/bayesian_ensemble_fit.rds[m

no changes added to commit (use "git add" and/or "git commit -a")
]0;~/my_stuff/current work/afl_predictionSachintha-Karunaratnes-MacBook-Pro:afl_prediction sachintha$ git add munge/01-load_past_results_and _schedules.R
]0;~/my_stuff/current work/afl_predictionSachintha-Karunaratnes-MacBook-Pro:afl_prediction sachintha$ git add src/scrape_afl_tables.R
]0;~/my_stuff/current work/afl_predictionSachintha-Karunaratnes-MacBook-Pro:afl_prediction sachintha$ git commit -m 'started to handle final si[K[Ks series'
[handle_finals c6a911a] started to handle finals series
 2 files changed, 8 insertions(+), 3 deletions(-)
]0;~/my_stuff/current work/afl_predictionSachintha-Karunaratnes-MacBook-Pro:afl_prediction sachintha$ git checkout master
M	.Rproj.user/3F54B192/console06/C03844D5
M	.Rproj.user/3F54B192/console06/C03844D5.env
M	.Rproj.user/3F54B192/console06/INDEX001
M	.Rproj.user/3F54B192/sources/prop/2DBC1606
M	.Rproj.user/3F54B192/sources/prop/A2FD72A7
M	.Rproj.user/3F54B192/sources/prop/INDEX
M	.Rproj.user/shared/notebooks/paths
M	data/past_results.rds
M	data/schedules.rds
Switched to branch 'master'
Your branch is ahead of 'origin/master' by 1 commit.
  (use "git push" to publish your local commits)
]0;~/my_stuff/current work/afl_predictionSachintha-Karunaratnes-MacBook-Pro:afl_prediction sachintha$ git stt[Katus
On branch master
Your branch is ahead of 'origin/master' by 1 commit.
  (use "git push" to publish your local commits)

Changes not staged for commit:
  (use "git add <file>..." to update what will be committed)
  (use "git checkout -- <file>..." to discard changes in working directory)

	[31mmodified:   .Rproj.user/3F54B192/console06/C03844D5[m
	[31mmodified:   .Rproj.user/3F54B192/console06/C03844D5.env[m
	[31mmodified:   .Rproj.user/3F54B192/console06/INDEX001[m
	[31mmodified:   .Rproj.user/3F54B192/sources/prop/2DBC1606[m
	[31mmodified:   .Rproj.user/3F54B192/sources/prop/A2FD72A7[m
	[31mmodified:   .Rproj.user/3F54B192/sources/prop/INDEX[m
	[31mmodified:   .Rproj.user/shared/notebooks/paths[m
	[31mmodified:   data/past_results.rds[m
	[31mmodified:   data/schedules.rds[m

Untracked files:
  (use "git add <file>..." to include in what will be committed)

	[31m.gitignore[m
	[31m2018_finals_series_template_schedule.csv[m
	[31m2018_premiership_prob_after_18_matches.pdf[m
	[31m2018_premiership_prob_after_9_matches.pdf[m
	[31mcache/afl.2018.AUSEasternStandardTime.RData[m
	[31mcache/afl.2018.AUSEasternStandardTime.hash[m
	[31mcache/mismatched.venue.names.2018.RData[m
	[31mcache/mismatched.venue.names.2018.hash[m
	[31mpremiership_prob_after_20_matches.pdf[m
	[31msrc/bayesian_ensemble_fit.rds[m

no changes added to commit (use "git add" and/or "git commit -a")
]0;~/my_stuff/current work/afl_predictionSachintha-Karunaratnes-MacBook-Pro:afl_prediction sachintha$ past_res[K[K[K[K[K[K[K[Kgit branch
  handle_finals[m
* [32mmaster[m
]0;~/my_stuff/current work/afl_predictionSachintha-Karunaratnes-MacBook-Pro:afl_prediction sachintha$ git status
On branch master
Your branch is ahead of 'origin/master' by 1 commit.
  (use "git push" to publish your local commits)

Changes not staged for commit:
  (use "git add <file>..." to update what will be committed)
  (use "git checkout -- <file>..." to discard changes in working directory)

	[31mmodified:   .Rproj.user/3F54B192/console06/C03844D5[m
	[31mmodified:   .Rproj.user/3F54B192/console06/C03844D5.env[m
	[31mmodified:   .Rproj.user/3F54B192/console06/INDEX001[m
	[31mmodified:   .Rproj.user/3F54B192/sources/prop/2DBC1606[m
	[31mmodified:   .Rproj.user/3F54B192/sources/prop/A2FD72A7[m
	[31mmodified:   .Rproj.user/3F54B192/sources/prop/INDEX[m
	[31mmodified:   .Rproj.user/shared/notebooks/paths[m
	[31mmodified:   data/past_results.rds[m
	[31mmodified:   data/schedules.rds[m

Untracked files:
  (use "git add <file>..." to include in what will be committed)

	[31m.gitignore[m
	[31m2018_finals_series_template_schedule.csv[m
	[31m2018_premiership_prob_after_18_matches.pdf[m
	[31m2018_premiership_prob_after_9_matches.pdf[m
	[31mcache/afl.2018.AUSEasternStandardTime.RData[m
	[31mcache/afl.2018.AUSEasternStandardTime.hash[m
	[31mcache/mismatched.venue.names.2018.RData[m
	[31mcache/mismatched.venue.names.2018.hash[m
	[31mpremiership_prob_after_20_matches.pdf[m
	[31msrc/bayesian_ensemble_fit.rds[m

no changes added to commit (use "git add" and/or "git commit -a")
]0;~/my_stuff/current work/afl_predictionSachintha-Karunaratnes-MacBook-Pro:afl_prediction sachintha$ git log
[?1h=[33mcommit 18030ad23df9826c7ceb61a9f3a71184db8f4fd5[m[33m ([m[1;36mHEAD -> [m[1;32mmaster[m[33m)[m[m
Author: Sachintha Karunaratne <sachintha84@gmail.com>[m
Date:   Sat Aug 18 13:37:17 2018 +1000[m
[m
    tried to refactor to reduce the repetitions. but didnt work out[m
[m
[33mcommit 45c1e5c553457d6a37b2f7e4989eb69e5f273d08[m[33m ([m[1;31morigin/master[m[33m)[m[m
Author: Sachintha Karunaratne <sachintha84@gmail.com>[m
Date:   Mon Aug 6 23:34:24 2018 +1000[m
[m
    added future match simulation[m
[m
:[K[K[?1l>]0;~/my_stuff/current work/afl_predictionSachintha-Karunaratnes-MacBook-Pro:afl_prediction sachintha$ 
]0;~/my_stuff/current work/afl_predictionSachintha-Karunaratnes-MacBook-Pro:afl_prediction sachintha$ git check[K[K[K[K[K[K[K[K[Kgit checkout [K[K[K[K[K[K[K[K[Kbranch
  handle_finals[m
* [32mmaster[m
]0;~/my_stuff/current work/afl_predictionSachintha-Karunaratnes-MacBook-Pro:afl_prediction sachintha$ git checkout handle_finals
M	.Rproj.user/3F54B192/console06/C03844D5
M	.Rproj.user/3F54B192/console06/C03844D5.env
M	.Rproj.user/3F54B192/console06/INDEX001
M	.Rproj.user/3F54B192/sources/prop/2DBC1606
M	.Rproj.user/3F54B192/sources/prop/A2FD72A7
M	.Rproj.user/3F54B192/sources/prop/INDEX
M	.Rproj.user/shared/notebooks/paths
M	data/past_results.rds
M	data/schedules.rds
Switched to branch 'handle_finals'
]0;~/my_stuff/current work/afl_predictionSachintha-Karunaratnes-MacBook-Pro:afl_prediction sachintha$ ;2A[K[K[K
]0;~/my_stuff/current work/afl_predictionYou have new mail in /var/mail/sachintha
Sachintha-Karunaratnes-MacBook-Pro:afl_prediction sachintha$ 
]0;~/my_stuff/current work/afl_predictionSachintha-Karunaratnes-MacBook-Pro:afl_prediction sachintha$ 
]0;~/my_stuff/current work/afl_predictionSachintha-Karunaratnes-MacBook-Pro:afl_prediction sachintha$ 
]0;~/my_stuff/current work/afl_predictionSachintha-Karunaratnes-MacBook-Pro:afl_prediction sachintha$ git status
On branch handle_finals
Changes not staged for commit:
  (use "git add <file>..." to update what will be committed)
  (use "git checkout -- <file>..." to discard changes in working directory)

	[31mmodified:   .Rproj.user/3F54B192/console06/C03844D5[m
	[31mmodified:   .Rproj.user/3F54B192/console06/C03844D5.env[m
	[31mmodified:   .Rproj.user/3F54B192/console06/INDEX001[m
	[31mmodified:   .Rproj.user/3F54B192/sources/prop/2DBC1606[m
	[31mmodified:   .Rproj.user/3F54B192/sources/prop/A2FD72A7[m
	[31mmodified:   .Rproj.user/3F54B192/sources/prop/INDEX[m
	[31mmodified:   .Rproj.user/shared/notebooks/paths[m
	[31mmodified:   data/past_results.rds[m
	[31mmodified:   data/schedules.rds[m
	[31mmodified:   munge/01-load_past_results_and_schedules.R[m

Untracked files:
  (use "git add <file>..." to include in what will be committed)

	[31m.gitignore[m
	[31m2018_premiership_prob_after_18_matches.pdf[m
	[31m2018_premiership_prob_after_9_matches.pdf[m
	[31mcache/X2018.finals.series.template.schedule.RData[m
	[31mcache/X2018.finals.series.template.schedule.hash[m
	[31mcache/afl.2018.AUSEasternStandardTime.RData[m
	[31mcache/afl.2018.AUSEasternStandardTime.hash[m
	[31mcache/mismatched.venue.names.2018.RData[m
	[31mcache/mismatched.venue.names.2018.hash[m
	[31mdata/2018_finals_series_template_schedule.csv[m
	[31mpremiership_prob_after_20_matches.pdf[m
	[31msrc/bayesian_ensemble_fit.rds[m

no changes added to commit (use "git add" and/or "git commit -a")
]0;~/my_stuff/current work/afl_predictionSachintha-Karunaratnes-MacBook-Pro:afl_prediction sachintha$ git add -u
]0;~/my_stuff/current work/afl_predictionSachintha-Karunaratnes-MacBook-Pro:afl_prediction sachintha$ 
]0;~/my_stuff/current work/afl_predictionSachintha-Karunaratnes-MacBook-Pro:afl_prediction sachintha$ git add data/2018_finals_series_templa te_schedule.csv
]0;~/my_stuff/current work/afl_predictionSachintha-Karunaratnes-MacBook-Pro:afl_prediction sachintha$ git commit -m 'hande[K[K[K[K[Kap[K[Kchang[K[K[K[K[Kintegreated the schedul e of the f[Kfinals series. C[KRenames the r[K'round[K[K[K[K[K[Kround column to ha[K[Kbe consistant with the regular rp[Kounds[C[1@ [1@f[1@o[1@r[C[1@ [1@t[1@h[1@e[C[1@ f to be consistant with the regular rounds [A[C[C[C[C[C[C[C[C[C[C[C[C[C[C[C[C[C[C[C[C[C[C[C[C[C[C[C[C[C[C[C[C[C[C[C[C[C[C[C[C[C[C[C[C[C[C[C[C[C[C[C[C[C[C[C[C[Ci to be consistant with the regular roundss[A[C[C[C[C[C[C[C[C[C[C[C[C[C[C[C[C[C[C[C[C[C[C[C[C[C[C[C[C[C[C[C[C[C[C[C[C[C[C[C[C[C[C[C[C[C[C[C[C[C[C[C[C[C[C[C[C[C[Cn to be consistant with the regular rounds[A[C[C[C[C[C[C[C[C[C[C[C[C[C[C[C[C[C[C[C[C[C[C[C[C[C[C[C[C[C[C[C[C[C[C[C[C[C[C[C[C[C[C[C[C[C[C[C[C[C[C[C[C[C[C[C[C[C[Ca to be consistant with the regular rounds[A[C[C[C[C[C[C[C[C[C[C[C[C[C[C[C[C[C[C[C[C[C[C[C[C[C[C[C[C[C[C[C[C[C[C[C[C[C[C[C[C[C[C[C[C[C[C[C[C[C[C[C[C[C[C[C[C[C[Cl to be consistant with the regular rounds[A[C[C[C[C[C[C[C[C[C[C[C[C[C[C[C[C[C[C[C[C[C[C[C[C[C[C[C[C[C[C[C[C[C[C[C[C[C[C[C[C[C[C[C[C[C[C[C[C[C[C[C[C[C[C[C[C[C[Cs to be consistant with the regular rounds[A[C[C[C[C[C[C[C[C[C[C[C[C[C[C[C[C[C[C[C[C[C[C[C[C[C[C[C[C[C[C[C[C[C[C[C[C[C[C[C[C[C[C[C[C[C[C[C[C[C[C[C[C[C[C[C[C[C[C[C to be consistant with the regular rounds[A[C[C[C[C[C[C[C[C[C[C[C[C[C[C[C[C[C[C[C[C[C[C[C[C[C[C[C[C[C[C[C[C[C[C[C[C[C[C[C[C[C[C[C[C[C[C[C[C[C[C[C[C[C[C[C[C[C[Cs to be consistant with the regular rounds[A[C[C[C[C[C[C[C[C[C[C[C[C[C[C[C[C[C[C[C[C[C[C[C[C[C[C[C[C[C[C[C[C[C[C[C[C[C[C[C[C[C[C[C[C[C[C[C[C[C[C[C[C[C[C[C[C[C[Ce to be consistant with the regular rounds[A[C[C[C[C[C[C[C[C[C[C[C[C[C[C[C[C[C[C[C[C[C[C[C[C[C[C[C[C[C[C[C[C[C[C[C[C[C[C[C[C[C[C[C[C[C[C[C[C[C[C[C[C[C[C[C[C[C[Cr to be consistant with the regular rounds[A[C[C[C[C[C[C[C[C[C[C[C[C[C[C[C[C[C[C[C[C[C[C[C[C[C[C[C[C[C[C[C[C[C[C[C[C[C[C[C[C[C[C[C[C[C[C[C[C[C[C[C[C[C[C[C[C[C[Ci to be consistant with the regul[1@a[A[C[C[C[C[C[C[C[C[C[C[C[C[C[C[C[C[C[C[C[C[C[C[C[C[C[C[C[C[C[C[C[C[C[C[C[C[C[C[C[C[C[C[C[C[C[C[C[C[C[C[C[C[C[C[C[C[C[C[C[C[C[C[C[C[C[Ce to be consistant with the regu[1@l[A[C[C[C[C[C[C[C[C[C[C[C[C[C[C[C[C[C[C[C[C[C[C[C[C[C[C[C[C[C[C[C[C[C[C[C[C[C[C[C[C[C[C[C[C[C[C[C[C[C[C[C[C[C[C[C[C[C[C[C[C[C[C[C[C[C[C[Cs to be consistant with the reg[1@u[A[C[C[C[C[C[C[C[C[C[C[C[C[C[C[C[C[C[C[C[C[C[C[C[C[C[C[C[C[C[C[C[C[C[C[C[C[C[C[C[C[C[C[C[C[C[C[C[C[C[C[C[C[C[C[C[C[C[C[C[C[C[C[C[C[C[C[C[C[C[C[C[C[C[C[C[C[C[C[C[C[C[C[C[C[C[C[C[C[C[C[C[C[C[C[C[C
[C[C[C[C[C[C[C[C[C[C[C[C'
[handle_finals e8230d3] integreated the schedule of the finals series. Renames the round column for the finals series to be consistant with the regular rounds
 11 files changed, 253 insertions(+), 216 deletions(-)
 rewrite .Rproj.user/3F54B192/console06/INDEX001 (87%)
 create mode 100644 data/2018_finals_series_template_schedule.csv
 rewrite data/past_results.rds (92%)
 rewrite data/schedules.rds (99%)
]0;~/my_stuff/current work/afl_predictionSachintha-Karunaratnes-MacBook-Pro:afl_prediction sachintha$ git push -u [K[K[K[K[K[K[K[K[K[K[K[Kgit branch
* [32mhandle_finals[m
  master[m
]0;~/my_stuff/current work/afl_predictionSachintha-Karunaratnes-MacBook-Pro:afl_prediction sachintha$ git push -u origin handle_finals
Enter passphrase for key '/Users/sachintha/.ssh/id_rsa': 
Counting objects: 47, done.
Delta compression using up to 4 threads.
Compressing objects:   2% (1/43)   Compressing objects:   4% (2/43)   Compressing objects:   6% (3/43)   Compressing objects:   9% (4/43)   Compressing objects:  11% (5/43)   Compressing objects:  13% (6/43)   Compressing objects:  16% (7/43)   Compressing objects:  18% (8/43)   Compressing objects:  20% (9/43)   Compressing objects:  23% (10/43)   Compressing objects:  25% (11/43)   Compressing objects:  27% (12/43)   Compressing objects:  30% (13/43)   Compressing objects:  32% (14/43)   Compressing objects:  34% (15/43)   Compressing objects:  37% (16/43)   Compressing objects:  39% (17/43)   Compressing objects:  41% (18/43)   Compressing objects:  44% (19/43)   Compressing objects:  46% (20/43)   Compressing objects:  48% (21/43)   Compressing objects:  51% (22/43)   Compressing objects:  53% (23/43)   Compressing objects:  55% (24/43)   Compressing objects:  58% (25/43)   Compressing objects:  60% (26/43)   Compressing objects:  62% (27/43)   Compressing objects:  65% (28/43)   Compressing objects:  67% (29/43)   Compressing objects:  69% (30/43)   Compressing objects:  72% (31/43)   Compressing objects:  74% (32/43)   Compressing objects:  76% (33/43)   Compressing objects:  79% (34/43)   Compressing objects:  81% (35/43)   Compressing objects:  83% (36/43)   Compressing objects:  86% (37/43)   Compressing objects:  88% (38/43)   Compressing objects:  90% (39/43)   Compressing objects:  93% (40/43)   Compressing objects:  95% (41/43)   Compressing objects:  97% (42/43)   Compressing objects: 100% (43/43)   Compressing objects: 100% (43/43), done.
Writing objects:   2% (1/47)   Writing objects:   4% (2/47)   Writing objects:   6% (3/47)   Writing objects:   8% (4/47)   Writing objects:  10% (5/47)   Writing objects:  12% (6/47)   Writing objects:  14% (7/47)   Writing objects:  19% (9/47)   Writing objects:  21% (10/47)   Writing objects:  23% (11/47)   Writing objects:  25% (12/47)   Writing objects:  27% (13/47)   Writing objects:  29% (14/47)   Writing objects:  31% (15/47)   Writing objects:  34% (16/47)   Writing objects:  36% (17/47)   Writing objects:  38% (18/47)   Writing objects:  42% (20/47)   Writing objects:  44% (21/47)   Writing objects:  46% (22/47)   Writing objects:  48% (23/47)   Writing objects:  51% (24/47)   Writing objects:  53% (25/47)   Writing objects:  55% (26/47)   Writing objects:  57% (27/47)   Writing objects:  59% (28/47)   Writing objects:  61% (29/47)   Writing objects:  63% (30/47)   Writing objects:  65% (31/47)   Writing objects:  68% (32/47)   Writing objects:  70% (33/47)   Writing objects:  72% (34/47)   Writing objects:  74% (35/47)   Writing objects:  76% (36/47)   Writing objects:  78% (37/47)   Writing objects:  80% (38/47)   Writing objects:  82% (39/47)   Writing objects:  85% (40/47)   Writing objects:  87% (41/47)   Writing objects:  89% (42/47)   Writing objects:  91% (43/47)   Writing objects:  93% (44/47)   Writing objects:  95% (45/47)   Writing objects:  97% (46/47)   Writing objects: 100% (47/47)   Writing objects: 100% (47/47), 133.98 KiB | 2.35 MiB/s, done.
Total 47 (delta 26), reused 0 (delta 0)
remote: 
remote: Create pull request for handle_finals:[K
remote:   https://bitbucket.org/sachintha/afl_prediction/pull-requests/new?source=handle_finals&t=1[K
remote: 
To bitbucket.org:sachintha/afl_prediction.git
 * [new branch]      handle_finals -> handle_finals
Branch 'handle_finals' set up to track remote branch 'handle_finals' from 'origin'.
[KSachintha-Karunaratnes-MacBook-Pro:afl_prediction sachintha$ 
]0;~/my_stuff/current work/afl_predictionSachintha-Karunaratnes-MacBook-Pro:afl_prediction sachintha$ 
]0;~/my_stuff/current work/afl_predictionSachintha-Karunaratnes-MacBook-Pro:afl_prediction sachintha$ 
]0;~/my_stuff/current work/afl_predictionSachintha-Karunaratnes-MacBook-Pro:afl_prediction sachintha$ 
]0;~/my_stuff/current work/afl_predictionSachintha-Karunaratnes-MacBook-Pro:afl_prediction sachintha$ git bra nch
* [32mhandle_finals[m
  master[m
]0;~/my_stuff/current work/afl_predictionSachintha-Karunaratnes-MacBook-Pro:afl_prediction sachintha$ git sta tus
On branch handle_finals
Your branch is up to date with 'origin/handle_finals'.

Changes not staged for commit:
  (use "git add <file>..." to update what will be committed)
  (use "git checkout -- <file>..." to discard changes in working directory)

	[31mmodified:   .Rproj.user/3F54B192/console06/C03844D5[m
	[31mmodified:   .Rproj.user/3F54B192/console06/C03844D5.env[m
	[31mmodified:   .Rproj.user/3F54B192/console06/INDEX001[m
	[31mmodified:   .Rproj.user/3F54B192/sources/prop/2DBC1606[m
	[31mmodified:   .Rproj.user/3F54B192/sources/prop/A2FD72A7[m
	[31mmodified:   .Rproj.user/3F54B192/sources/prop/INDEX[m
	[31mmodified:   .Rproj.user/shared/notebooks/paths[m
	[31mmodified:   README.md[m
	[31mmodified:   data/2018_finals_series_template_schedule.csv[m
	[31mmodified:   data/afl-2018-AUSEasternStandardTime.csv[m
	[31mmodified:   munge/01-load_past_results_and_schedules.R[m
	[31mmodified:   src/bayesian_elo_parameter_estimation.R[m
	[31mmodified:   src/bayesian_elo_parameter_estimation.stan[m

Untracked files:
  (use "git add <file>..." to include in what will be committed)

	[31m.gitignore[m
	[31m2018_premiership_prob_after_18_matches.pdf[m
	[31m2018_premiership_prob_after_9_matches.pdf[m
	[31mcache/X2018.finals.series.template.schedule.RData[m
	[31mcache/X2018.finals.series.template.schedule.hash[m
	[31mcache/afl.2018.AUSEasternStandardTime.RData[m
	[31mcache/afl.2018.AUSEasternStandardTime.hash[m
	[31mcache/mismatched.venue.names.2018.RData[m
	[31mcache/mismatched.venue.names.2018.hash[m
	[31mpremiership_prob_after_20_matches.pdf[m
	[31msrc/bayesian_ensemble_fit.rds[m

no changes added to commit (use "git add" and/or "git commit -a")
]0;~/my_stuff/current work/afl_predictionSachintha-Karunaratnes-MacBook-Pro:afl_prediction sachintha$ git add  -u
]0;~/my_stuff/current work/afl_predictionSachintha-Karunaratnes-MacBook-Pro:afl_prediction sachintha$ git com mit -m 'halfway through the code to simulating the [K[K[K[Kthe[K[K[Kafter the fina[K[K[K[K[K[K[K[K[K[K[K[K[K[Kth fi[K[K[K[Ke[Khe finals series'
[handle_finals de9aa64] halfway through the code to simulating the finals series
 13 files changed, 238 insertions(+), 249 deletions(-)
 rewrite .Rproj.user/3F54B192/console06/INDEX001 (87%)
]0;~/my_stuff/current work/afl_predictionYou have new mail in /var/mail/sachintha
Sachintha-Karunaratnes-MacBook-Pro:afl_prediction sachintha$ git bra nh[Kch -a
* [32mhandle_finals[m
  master[m
  [31mremotes/origin/handle_finals[m
  [31mremotes/origin/master[m
]0;~/my_stuff/current work/afl_predictionSachintha-Karunaratnes-MacBook-Pro:afl_prediction sachintha$ git pus h-[K -u origin hadn[K[Kndle_finas[Kls
Enter passphrase for key '/Users/sachintha/.ssh/id_rsa': 
Counting objects: 25, done.
Delta compression using up to 4 threads.
Compressing objects:   4% (1/23)   Compressing objects:   8% (2/23)   Compressing objects:  13% (3/23)   Compressing objects:  17% (4/23)   Compressing objects:  21% (5/23)   Compressing objects:  26% (6/23)   Compressing objects:  30% (7/23)   Compressing objects:  34% (8/23)   Compressing objects:  39% (9/23)   Compressing objects:  43% (10/23)   Compressing objects:  47% (11/23)   Compressing objects:  52% (12/23)   Compressing objects:  56% (13/23)   Compressing objects:  60% (14/23)   Compressing objects:  65% (15/23)   Compressing objects:  69% (16/23)   Compressing objects:  73% (17/23)   Compressing objects:  78% (18/23)   Compressing objects:  82% (19/23)   Compressing objects:  86% (20/23)   Compressing objects:  91% (21/23)   Compressing objects:  95% (22/23)   Compressing objects: 100% (23/23)   Compressing objects: 100% (23/23), done.
Writing objects:   4% (1/25)   Writing objects:   8% (2/25)   Writing objects:  12% (3/25)   Writing objects:  16% (4/25)   Writing objects:  20% (5/25)   Writing objects:  24% (6/25)   Writing objects:  28% (7/25)   Writing objects:  32% (8/25)   Writing objects:  36% (9/25)   Writing objects:  40% (10/25)   Writing objects:  44% (11/25)   Writing objects:  48% (12/25)   Writing objects:  52% (13/25)   Writing objects:  56% (14/25)   Writing objects:  60% (15/25)   Writing objects:  64% (16/25)   Writing objects:  68% (17/25)   Writing objects:  72% (18/25)   Writing objects:  76% (19/25)   Writing objects:  80% (20/25)   Writing objects:  84% (21/25)   Writing objects:  88% (22/25)   Writing objects:  92% (23/25)   Writing objects:  96% (24/25)   Writing objects: 100% (25/25)   Writing objects: 100% (25/25), 6.19 KiB | 126.00 KiB/s, done.
Total 25 (delta 15), reused 0 (delta 0)
remote: 
remote: Create pull request for handle_finals:[K
remote:   https://bitbucket.org/sachintha/afl_prediction/pull-requests/new?source=handle_finals&t=1[K
remote: 
To bitbucket.org:sachintha/afl_prediction.git
   e8230d3..de9aa64  handle_finals -> handle_finals
Branch 'handle_finals' set up to track remote branch 'handle_finals' from 'origin'.
]0;~/my_stuff/current work/afl_predictionSachintha-Karunaratnes-MacBook-Pro:afl_prediction sachintha$ 
]0;~/my_stuff/current work/afl_predictionSachintha-Karunaratnes-MacBook-Pro:afl_prediction sachintha$ git che ckout master
error: Your local changes to the following files would be overwritten by checkout:
	.Rproj.user/3F54B192/console06/C03844D5
Please commit your changes or stash them before you switch branches.
Aborting
]0;~/my_stuff/current work/afl_predictionSachintha-Karunaratnes-MacBook-Pro:afl_prediction sachintha$ git bra nch
* [32mhandle_finals[m
  master[m
]0;~/my_stuff/current work/afl_predictionSachintha-Karunaratnes-MacBook-Pro:afl_prediction sachintha$ git da[K[Kadd .Rproj.user/3F54B192/console06/C03844D5
git: 'add.Rproj.user/3F54B192/console06/C03844D5' is not a git command. See 'git --help'.
]0;~/my_stuff/current work/afl_predictionSachintha-Karunaratnes-MacBook-Pro:afl_prediction sachintha$ git add..Rproj.user/3F54B192/console06/C03844D5[C[C[C[C[A[C[C[C[C[C[C[C[C[C[C[C[C[C[C[C[C[C[C[C[C[C[C[C[C[C[C[C[C[C[C[C[C[C[C[C[C[C[C[C[C[C[C[C[C[C[C[C[C[C[C[C[C[C[C[C[C[C[C[C[C[C[C[C[C[C[C[C
[C[C[C .Rproj.user/3F54B192/console06/C03844D5[C